Component: ARM Compiler 5.06 update 7 (build 960) Tool: armlink [4d3601]

==============================================================================

Section Cross References

    startup_stm32f411xe.o(STACK) refers (Special) to heapauxi.o(.text) for __use_two_region_memory
    startup_stm32f411xe.o(HEAP) refers (Special) to heapauxi.o(.text) for __use_two_region_memory
    startup_stm32f411xe.o(RESET) refers (Special) to heapauxi.o(.text) for __use_two_region_memory
    startup_stm32f411xe.o(RESET) refers to startup_stm32f411xe.o(STACK) for __initial_sp
    startup_stm32f411xe.o(RESET) refers to startup_stm32f411xe.o(.text) for Reset_Handler
    startup_stm32f411xe.o(RESET) refers to stm32f4xx_it.o(i.NMI_Handler) for NMI_Handler
    startup_stm32f411xe.o(RESET) refers to stm32f4xx_it.o(i.HardFault_Handler) for HardFault_Handler
    startup_stm32f411xe.o(RESET) refers to stm32f4xx_it.o(i.MemManage_Handler) for MemManage_Handler
    startup_stm32f411xe.o(RESET) refers to stm32f4xx_it.o(i.BusFault_Handler) for BusFault_Handler
    startup_stm32f411xe.o(RESET) refers to stm32f4xx_it.o(i.UsageFault_Handler) for UsageFault_Handler
    startup_stm32f411xe.o(RESET) refers to stm32f4xx_it.o(i.SVC_Handler) for SVC_Handler
    startup_stm32f411xe.o(RESET) refers to stm32f4xx_it.o(i.DebugMon_Handler) for DebugMon_Handler
    startup_stm32f411xe.o(RESET) refers to stm32f4xx_it.o(i.PendSV_Handler) for PendSV_Handler
    startup_stm32f411xe.o(RESET) refers to stm32f4xx_it.o(i.SysTick_Handler) for SysTick_Handler
    startup_stm32f411xe.o(RESET) refers to stm32f4xx_it.o(i.ADC_IRQHandler) for ADC_IRQHandler
    startup_stm32f411xe.o(RESET) refers to stm32f4xx_it.o(i.DMA2_Stream0_IRQHandler) for DMA2_Stream0_IRQHandler
    startup_stm32f411xe.o(.text) refers (Special) to heapauxi.o(.text) for __use_two_region_memory
    startup_stm32f411xe.o(.text) refers to system_stm32f4xx.o(i.SystemInit) for SystemInit
    startup_stm32f411xe.o(.text) refers to __main.o(!!!main) for __main
    startup_stm32f411xe.o(.text) refers to startup_stm32f411xe.o(HEAP) for Heap_Mem
    startup_stm32f411xe.o(.text) refers to startup_stm32f411xe.o(STACK) for Stack_Mem
    lcd_i2cmodule.o(i.LCD_BackLight) refers to lcd_i2cmodule.o(i.LCD_Write_Data) for LCD_Write_Data
    lcd_i2cmodule.o(i.LCD_BackLight) refers to lcd_i2cmodule.o(.data) for .data
    lcd_i2cmodule.o(i.LCD_Clear) refers to lcd_i2cmodule.o(i.LCD_Set_Command) for LCD_Set_Command
    lcd_i2cmodule.o(i.LCD_Clear) refers to stm32f4xx_hal.o(i.HAL_Delay) for HAL_Delay
    lcd_i2cmodule.o(i.LCD_Clear) refers to lcd_i2cmodule.o(.data) for .data
    lcd_i2cmodule.o(i.LCD_Init) refers to lcd_i2cmodule.o(i.LCD_Set_Command) for LCD_Set_Command
    lcd_i2cmodule.o(i.LCD_Init) refers to stm32f4xx_hal.o(i.HAL_Delay) for HAL_Delay
    lcd_i2cmodule.o(i.LCD_Print) refers to f2d.o(x$fpl$f2d) for __aeabi_f2d
    lcd_i2cmodule.o(i.LCD_Print) refers to sprintf.o(.text) for sprintf
    lcd_i2cmodule.o(i.LCD_Print) refers to lcd_i2cmodule.o(i.LCD_Send_String) for LCD_Send_String
    lcd_i2cmodule.o(i.LCD_Send_String) refers to strlen.o(.text) for strlen
    lcd_i2cmodule.o(i.LCD_Send_String) refers to lcd_i2cmodule.o(i.LCD_SetCursor) for LCD_SetCursor
    lcd_i2cmodule.o(i.LCD_Send_String) refers to lcd_i2cmodule.o(i.LCD_Write_Data) for LCD_Write_Data
    lcd_i2cmodule.o(i.LCD_Send_String) refers to lcd_i2cmodule.o(.data) for .data
    lcd_i2cmodule.o(i.LCD_Send_String) refers to lcd_i2cmodule.o(.bss) for .bss
    lcd_i2cmodule.o(i.LCD_SetCursor) refers to lcd_i2cmodule.o(i.LCD_Set_Command) for LCD_Set_Command
    lcd_i2cmodule.o(i.LCD_SetCursor) refers to lcd_i2cmodule.o(.data) for .data
    lcd_i2cmodule.o(i.LCD_SetCursor) refers to lcd_i2cmodule.o(.constdata) for .constdata
    lcd_i2cmodule.o(i.LCD_Set_Command) refers to lcd_i2cmodule.o(i.hi2cx_define) for hi2cx_define
    lcd_i2cmodule.o(i.LCD_Set_Command) refers to stm32f4xx_hal_i2c.o(i.HAL_I2C_Master_Transmit) for HAL_I2C_Master_Transmit
    lcd_i2cmodule.o(i.LCD_Set_Command) refers to lcd_i2cmodule.o(.data) for .data
    lcd_i2cmodule.o(i.LCD_Set_Command) refers to lcd_i2cmodule.o(.bss) for .bss
    lcd_i2cmodule.o(i.LCD_Write_Data) refers to lcd_i2cmodule.o(i.hi2cx_define) for hi2cx_define
    lcd_i2cmodule.o(i.LCD_Write_Data) refers to stm32f4xx_hal_i2c.o(i.HAL_I2C_Master_Transmit) for HAL_I2C_Master_Transmit
    lcd_i2cmodule.o(i.LCD_Write_Data) refers to lcd_i2cmodule.o(.data) for .data
    lcd_i2cmodule.o(i.LCD_Write_Data) refers to lcd_i2cmodule.o(.bss) for .bss
    lcd_i2cmodule.o(i.LCD_i2cDeviceCheck) refers to stm32f4xx_hal.o(i.HAL_Delay) for HAL_Delay
    lcd_i2cmodule.o(i.LCD_i2cDeviceCheck) refers to lcd_i2cmodule.o(i.hi2cx_define) for hi2cx_define
    lcd_i2cmodule.o(i.LCD_i2cDeviceCheck) refers to stm32f4xx_hal_i2c.o(i.HAL_I2C_IsDeviceReady) for HAL_I2C_IsDeviceReady
    lcd_i2cmodule.o(i.LCD_i2cDeviceCheck) refers to lcd_i2cmodule.o(.data) for .data
[...]
    i.__hardfp_atan2f                        0x08004910   Section        0  atan2f.o(i.__hardfp_atan2f)
    i.__mathlib_flt_infnan2                  0x08004bbc   Section        0  funder.o(i.__mathlib_flt_infnan2)
    i.__mathlib_flt_underflow                0x08004bc4   Section        0  funder.o(i.__mathlib_flt_underflow)
    i._is_digit                              0x08004bd4   Section        0  __printf_wp.o(i._is_digit)
    i.hi2cx_define                           0x08004be4   Section        0  lcd_i2cmodule.o(i.hi2cx_define)
    hi2cx_define                             0x08004be5   Thumb Code    80  lcd_i2cmodule.o(i.hi2cx_define)
    i.main                                   0x08004c3c   Section        0  main.o(i.main)
    i.mapPot                                 0x08004f58   Section        0  main.o(i.mapPot)
    locale$$code                             0x08004f74   Section       44  lc_numeric_c.o(locale$$code)
    locale$$code                             0x08004fa0   Section       44  lc_ctype_c.o(locale$$code)
    x$fpl$d2f                                0x08004fcc   Section       98  d2f.o(x$fpl$d2f)
    $v0                                      0x08004fcc   Number         0  d2f.o(x$fpl$d2f)
    x$fpl$ddiv                               0x08005030   Section      688  ddiv.o(x$fpl$ddiv)
    $v0                                      0x08005030   Number         0  ddiv.o(x$fpl$ddiv)
    ddiv_entry                               0x08005037   Thumb Code     0  ddiv.o(x$fpl$ddiv)
    x$fpl$dfltu                              0x080052e0   Section       38  dflt_clz.o(x$fpl$dfltu)
    $v0                                      0x080052e0   Number         0  dflt_clz.o(x$fpl$dfltu)
    x$fpl$dnaninf                            0x08005306   Section      156  dnaninf.o(x$fpl$dnaninf)
    $v0                                      0x08005306   Number         0  dnaninf.o(x$fpl$dnaninf)
    x$fpl$dretinf                            0x080053a2   Section       12  dretinf.o(x$fpl$dretinf)
    $v0                                      0x080053a2   Number         0  dretinf.o(x$fpl$dretinf)
    x$fpl$f2d                                0x080053b0   Section       86  f2d.o(x$fpl$f2d)
    $v0                                      0x080053b0   Number         0  f2d.o(x$fpl$f2d)
    x$fpl$fnaninf                            0x08005406   Section      140  fnaninf.o(x$fpl$fnaninf)
    $v0                                      0x08005406   Number         0  fnaninf.o(x$fpl$fnaninf)
    x$fpl$fpinit                             0x08005492   Section       10  fpinit.o(x$fpl$fpinit)
    $v0                                      0x08005492   Number         0  fpinit.o(x$fpl$fpinit)
    x$fpl$fretinf                            0x0800549c   Section       10  fretinf.o(x$fpl$fretinf)
    $v0                                      0x0800549c   Number         0  fretinf.o(x$fpl$fretinf)
    x$fpl$printf1                            0x080054a6   Section        4  printf1.o(x$fpl$printf1)
    $v0                                      0x080054a6   Number         0  printf1.o(x$fpl$printf1)
    x$fpl$printf2                            0x080054aa   Section        4  printf2.o(x$fpl$printf2)
    $v0                                      0x080054aa   Number         0  printf2.o(x$fpl$printf2)
    .constdata                               0x080054ae   Section       32  lcd_i2cmodule.o(.constdata)
    x$fpl$usenofp                            0x080054ae   Section        0  usenofp.o(x$fpl$usenofp)
    Cursor_Data                              0x080054ae   Data          32  lcd_i2cmodule.o(.constdata)
    .constdata                               0x080054ce   Section        8  stm32f4xx_hal_dma.o(.constdata)
    flagBitshiftOffset                       0x080054ce   Data           8  stm32f4xx_hal_dma.o(.constdata)
    .constdata                               0x080054d6   Section       16  system_stm32f4xx.o(.constdata)
    .constdata                               0x080054e6   Section        8  system_stm32f4xx.o(.constdata)
    .constdata                               0x080054f0   Section        8  _printf_wctomb.o(.constdata)
    initial_mbstate                          0x080054f0   Data           8  _printf_wctomb.o(.constdata)
    .constdata                               0x080054f8   Section       40  _printf_hex_int_ll_ptr.o(.constdata)
    uc_hextab                                0x080054f8   Data          20  _printf_hex_int_ll_ptr.o(.constdata)
    lc_hextab                                0x0800550c   Data          20  _printf_hex_int_ll_ptr.o(.constdata)
    .constdata                               0x08005520   Section       17  __printf_flags_ss_wp.o(.constdata)
    maptable                                 0x08005520   Data          17  __printf_flags_ss_wp.o(.constdata)
    .constdata                               0x08005531   Section       38  _printf_fp_hex.o(.constdata)
    lc_hextab                                0x08005531   Data          19  _printf_fp_hex.o(.constdata)
    uc_hextab                                0x08005544   Data          19  _printf_fp_hex.o(.constdata)
    .constdata                               0x08005558   Section      148  bigflt0.o(.constdata)
    tenpwrs_x                                0x08005558   Data          60  bigflt0.o(.constdata)
    tenpwrs_i                                0x08005594   Data          64  bigflt0.o(.constdata)
    locale$$data                             0x0800560c   Section       28  lc_numeric_c.o(locale$$data)
    __lcnum_c_name                           0x08005610   Data           2  lc_numeric_c.o(locale$$data)
    __lcnum_c_start                          0x08005618   Data           0  lc_numeric_c.o(locale$$data)
    __lcnum_c_point                          0x08005624   Data           0  lc_numeric_c.o(locale$$data)
    __lcnum_c_thousands                      0x08005626   Data           0  lc_numeric_c.o(locale$$data)
    __lcnum_c_grouping                       0x08005627   Data           0  lc_numeric_c.o(locale$$data)
    locale$$data                             0x08005628   Section      272  lc_ctype_c.o(locale$$data)
    __lcnum_c_end                            0x08005628   Data           0  lc_numeric_c.o(locale$$data)
    __lcctype_c_name                         0x0800562c   Data           2  lc_ctype_c.o(locale$$data)
    __lcctype_c_start                        0x08005634   Data           0  lc_ctype_c.o(locale$$data)
    __lcctype_c_end                          0x08005738   Data           0  lc_ctype_c.o(locale$$data)
    .data                                    0x20000000   Section       20  lcd_i2cmodule.o(.data)
    Mask_Data                                0x20000001   Data           1  lcd_i2cmodule.o(.data)
    line_pos                                 0x20000002   Data           1  lcd_i2cmodule.o(.data)
    str_len                                  0x20000003   Data           1  lcd_i2cmodule.o(.data)
    ch_len                                   0x20000004   Data           1  lcd_i2cmodule.o(.data)
    data_M                                   0x20000005   Data           1  lcd_i2cmodule.o(.data)
    data_L                                   0x20000006   Data           1  lcd_i2cmodule.o(.data)
    data_BL                                  0x20000007   Data           1  lcd_i2cmodule.o(.data)
    i                                        0x20000008   Data           4  lcd_i2cmodule.o(.data)
    c                                        0x2000000c   Data           4  lcd_i2cmodule.o(.data)
    data                                     0x20000010   Data           4  lcd_i2cmodule.o(.data)
    .data                                    0x20000014   Section        8  mpu6050.o(.data)
    .data                                    0x2000001c   Section       52  main.o(.data)
    .data                                    0x20000050   Section       12  stm32f4xx_hal.o(.data)
    .data                                    0x2000005c   Section        4  system_stm32f4xx.o(.data)
    .bss                                     0x20000060   Section      484  lcd_i2cmodule.o(.bss)
    buffer                                   0x20000060   Data         400  lcd_i2cmodule.o(.bss)
    .bss                                     0x20000244   Section      404  main.o(.bss)
    .bss                                     0x200003d8   Section       96  main.o(.bss)
    .bss                                     0x20000438   Section       96  libspace.o(.bss)
    HEAP                                     0x20000498   Section     8192  startup_stm32f411xe.o(HEAP)
    Heap_Mem                                 0x20000498   Data        8192  startup_stm32f411xe.o(HEAP)
    STACK                                    0x20002498   Section    16384  startup_stm32f411xe.o(STACK)
    Stack_Mem                                0x20002498   Data       16384  startup_stm32f411xe.o(STACK)
    __initial_sp                             0x20006498   Data           0  startup_stm32f411xe.o(STACK)

    Global Symbols

    Symbol Name                              Value     Ov Type        Size  Object(Section)

    BuildAttributes$$THM_ISAv4$E$P$D$K$B$S$7EM$VFPi3$EXTD16$VFPS$VFMA$PE$A:L22UL41UL21$X:L11$S22US41US21$IEEE1$IW$USESV6$~STKCKD$USESV7$~SHL$OTIME$ROPI$IEEEX$EBA8$UX$STANDARDLIB$REQ8$PRES8$EABIv2 0x00000000   Number         0  anon$$obj.o ABSOLUTE
    __ARM_use_no_argv                        0x00000000   Number         0  main.o ABSOLUTE
    _printf_flags                            0x00000000   Number         0  printf_stubs.o ABSOLUTE
    _printf_return_value                     0x00000000   Number         0  printf_stubs.o ABSOLUTE
    _printf_sizespec                         0x00000000   Number         0  printf_stubs.o ABSOLUTE
    _printf_widthprec                        0x00000000   Number         0  printf_stubs.o ABSOLUTE
    __ARM_exceptions_init                     - Undefined Weak Reference
    __alloca_initialize                       - Undefined Weak Reference
    __arm_fini_                               - Undefined Weak Reference
    __arm_preinit_                            - Undefined Weak Reference
    __cpp_initialize__aeabi_                  - Undefined Weak Reference
    __cxa_finalize                            - Undefined Weak Reference
    __sigvec_lookup                           - Undefined Weak Reference
    _atexit_init                              - Undefined Weak Reference
    _call_atexit_fns                          - Undefined Weak Reference
    _clock_init                               - Undefined Weak Reference
    _fp_trap_init                             - Undefined Weak Reference
    _fp_trap_shutdown                         - Undefined Weak Reference
    _get_lc_collate                           - Undefined Weak Reference
    _get_lc_monetary                          - Undefined Weak Reference
    _get_lc_time                              - Undefined Weak Reference
    _getenv_init                              - Undefined Weak Reference
    _handle_redirection                       - Undefined Weak Reference
    _init_alloc                               - Undefined Weak Reference
    _init_user_alloc                          - Undefined Weak Reference
    _initio                                   - Undefined Weak Reference
    _printf_mbtowc                            - Undefined Weak Reference
    _printf_wc                                - Undefined Weak Reference
    _rand_init                                - Undefined Weak Reference
    _signal_finish                            - Undefined Weak Reference
    _signal_init                              - Undefined Weak Reference
    _terminate_alloc                          - Undefined Weak Reference
    _terminate_user_alloc                     - Undefined Weak Reference
    _terminateio                              - Undefined Weak Reference
    __Vectors_Size                           0x00000198   Number         0  startup_stm32f411xe.o ABSOLUTE
    __Vectors                                0x08000000   Data           4  startup_stm32f411xe.o(RESET)
    __Vectors_End                            0x08000198   Data           0  startup_stm32f411xe.o(RESET)
    __main                                   0x08000199   Thumb Code     8  __main.o(!!!main)
    __scatterload                            0x080001a1   Thumb Code     0  __scatter.o(!!!scatter)
    __scatterload_rt2                        0x080001a1   Thumb Code    44  __scatter.o(!!!scatter)
    __scatterload_rt2_thumb_only             0x080001a1   Thumb Code     0  __scatter.o(!!!scatter)
    __scatterload_null                       0x080001af   Thumb Code     0  __scatter.o(!!!scatter)
    __scatterload_copy                       0x080001d5   Thumb Code    26  __scatter_copy.o(!!handler_copy)
    __scatterload_zeroinit                   0x080001f1   Thumb Code    28  __scatter_zi.o(!!handler_zi)
    _printf_n                                0x0800020d   Thumb Code     0  _printf_n.o(.ARM.Collect$$_printf_percent$$00000001)
    _printf_percent                          0x0800020d   Thumb Code     0  _printf_percent.o(.ARM.Collect$$_printf_percent$$00000000)
    _printf_p                                0x08000213   Thumb Code     0  _printf_p.o(.ARM.Collect$$_printf_percent$$00000002)
    _printf_f                                0x08000219   Thumb Code     0  _printf_f.o(.ARM.Collect$$_printf_percent$$00000003)
    _printf_e                                0x0800021f   Thumb Code     0  _printf_e.o(.ARM.Collect$$_printf_percent$$00000004)
    _printf_g                                0x08000225   Thumb Code     0  _printf_g.o(.ARM.Collect$$_printf_percent$$00000005)
    _printf_a                                0x0800022b   Thumb Code     0  _printf_a.o(.ARM.Collect$$_printf_percent$$00000006)
    _printf_ll                               0x08000231   Thumb Code     0  _printf_ll.o(.ARM.Collect$$_printf_percent$$00000007)
    _printf_i                                0x0800023b   Thumb Code     0  _printf_i.o(.ARM.Collect$$_printf_percent$$00000008)
    _printf_d                                0x08000241   Thumb Code     0  _printf_d.o(.ARM.Collect$$_printf_percent$$00000009)
    _printf_u                                0x08000247   Thumb Code     0  _printf_u.o(.ARM.Collect$$_printf_percent$$0000000A)
    _printf_o                                0x0800024d   Thumb Code     0  _printf_o.o(.ARM.Collect$$_printf_percent$$0000000B)
    _printf_x                                0x08000253   Thumb Code     0  _printf_x.o(.ARM.Collect$$_printf_percent$$0000000C)
    _printf_lli                              0x08000259   Thumb Code     0  _printf_lli.o(.ARM.Collect$$_printf_percent$$0000000D)
    _printf_lld                              0x0800025f   Thumb Code     0  _printf_lld.o(.ARM.Collect$$_printf_percent$$0000000E)
    _printf_llu                              0x08000265   Thumb Code     0  _printf_llu.o(.ARM.Collect$$_printf_percent$$0000000F)
    _printf_llo                              0x0800026b   Thumb Code     0  _printf_llo.o(.ARM.Collect$$_printf_percent$$00000010)
    _printf_llx                              0x08000271   Thumb Code     0  _printf_llx.o(.ARM.Collect$$_printf_percent$$00000011)
    _printf_l                                0x08000277   Thumb Code     0  _printf_l.o(.ARM.Collect$$_printf_percent$$00000012)
    _printf_c                                0x08000281   Thumb Code     0  _printf_c.o(.ARM.Collect$$_printf_percent$$00000013)
    _printf_s                                0x08000287   Thumb Code     0  _printf_s.o(.ARM.Collect$$_printf_percent$$00000014)
    _printf_lc                               0x0800028d   Thumb Code     0  _printf_lc.o(.ARM.Collect$$_printf_percent$$00000015)
    _printf_ls                               0x08000293   Thumb Code     0  _printf_ls.o(.ARM.Collect$$_printf_percent$$00000016)
    _printf_percent_end                      0x08000299   Thumb Code     0  _printf_percent_end.o(.ARM.Collect$$_printf_percent$$00000017)
    __rt_lib_init                            0x0800029d   Thumb Code     0  libinit.o(.ARM.Collect$$libinit$$00000000)
    __rt_lib_init_fp_1                       0x0800029f   Thumb Code     0  libinit2.o(.ARM.Collect$$libinit$$00000001)
    __rt_lib_init_heap_1                     0x080002a3   Thumb Code     0  libinit2.o(.ARM.Collect$$libinit$$0000000A)
    __rt_lib_init_lc_common                  0x080002a3   Thumb Code     0  libinit2.o(.ARM.Collect$$libinit$$0000000F)
    __rt_lib_init_preinit_1                  0x080002a3   Thumb Code     0  libinit2.o(.ARM.Collect$$libinit$$00000004)
    __rt_lib_init_rand_1                     0x080002a3   Thumb Code     0  libinit2.o(.ARM.Collect$$libinit$$0000000E)
    __rt_lib_init_user_alloc_1               0x080002a3   Thumb Code     0  libinit2.o(.ARM.Collect$$libinit$$0000000C)
    __rt_lib_init_lc_collate_1               0x080002a9   Thumb Code     0  libinit2.o(.ARM.Collect$$libinit$$00000011)
    __rt_lib_init_lc_ctype_2                 0x080002a9   Thumb Code     0  libinit2.o(.ARM.Collect$$libinit$$00000012)
    __rt_lib_init_lc_ctype_1                 0x080002b5   Thumb Code     0  libinit2.o(.ARM.Collect$$libinit$$00000013)
    __rt_lib_init_lc_monetary_1              0x080002b5   Thumb Code     0  libinit2.o(.ARM.Collect$$libinit$$00000015)
    __rt_lib_init_lc_numeric_2               0x080002b5   Thumb Code     0  libinit2.o(.ARM.Collect$$libinit$$00000016)
    __rt_lib_init_alloca_1                   0x080002bf   Thumb Code     0  libinit2.o(.ARM.Collect$$libinit$$0000002E)
    __rt_lib_init_argv_1                     0x080002bf   Thumb Code     0  libinit2.o(.ARM.Collect$$libinit$$0000002C)
    __rt_lib_init_atexit_1                   0x080002bf   Thumb Code     0  libinit2.o(.ARM.Collect$$libinit$$0000001B)
    __rt_lib_init_clock_1                    0x080002bf   Thumb Code     0  libinit2.o(.ARM.Collect$$libinit$$00000021)
    __rt_lib_init_cpp_1                      0x080002bf   Thumb Code     0  libinit2.o(.ARM.Collect$$libinit$$00000032)
    __rt_lib_init_exceptions_1               0x080002bf   Thumb Code     0  libinit2.o(.ARM.Collect$$libinit$$00000030)
    __rt_lib_init_fp_trap_1                  0x080002bf   Thumb Code     0  libinit2.o(.ARM.Collect$$libinit$$0000001F)
    __rt_lib_init_getenv_1                   0x080002bf   Thumb Code     0  libinit2.o(.ARM.Collect$$libinit$$00000023)
    __rt_lib_init_lc_numeric_1               0x080002bf   Thumb Code     0  libinit2.o(.ARM.Collect$$libinit$$00000017)
    __rt_lib_init_lc_time_1                  0x080002bf   Thumb Code     0  libinit2.o(.ARM.Collect$$libinit$$00000019)
    __rt_lib_init_return                     0x080002bf   Thumb Code     0  libinit2.o(.ARM.Collect$$libinit$$00000033)
    __rt_lib_init_signal_1                   0x080002bf   Thumb Code     0  libinit2.o(.ARM.Collect$$libinit$$0000001D)
    __rt_lib_init_stdio_1                    0x080002bf   Thumb Code     0  libinit2.o(.ARM.Collect$$libinit$$00000025)
    __rt_lib_shutdown                        0x080002c1   Thumb Code     0  libshutdown.o(.ARM.Collect$$libshutdown$$00000000)
    __rt_lib_shutdown_cpp_1                  0x080002c3   Thumb Code     0  libshutdown2.o(.ARM.Collect$$libshutdown$$00000004)
    __rt_lib_shutdown_fini_1                 0x080002c3   Thumb Code     0  libshutdown2.o(.ARM.Collect$$libshutdown$$00000002)
    __rt_lib_shutdown_fp_trap_1              0x080002c3   Thumb Code     0  libshutdown2.o(.ARM.Collect$$libshutdown$$00000009)
    __rt_lib_shutdown_heap_1                 0x080002c3   Thumb Code     0  libshutdown2.o(.ARM.Collect$$libshutdown$$00000011)
    __rt_lib_shutdown_return                 0x080002c3   Thumb Code     0  libshutdown2.o(.ARM.Collect$$libshutdown$$00000012)
    __rt_lib_shutdown_signal_1               0x080002c3   Thumb Code     0  libshutdown2.o(.ARM.Collect$$libshutdown$$0000000C)
    __rt_lib_shutdown_stdio_1                0x080002c3   Thumb Code     0  libshutdown2.o(.ARM.Collect$$libshutdown$$00000006)
    __rt_lib_shutdown_user_alloc_1           0x080002c3   Thumb Code     0  libshutdown2.o(.ARM.Collect$$libshutdown$$0000000E)
    __rt_entry                               0x080002c5   Thumb Code     0  __rtentry.o(.ARM.Collect$$rtentry$$00000000)
    __rt_entry_presh_1                       0x080002c5   Thumb Code     0  __rtentry2.o(.ARM.Collect$$rtentry$$00000002)
    __rt_entry_sh                            0x080002c5   Thumb Code     0  __rtentry4.o(.ARM.Collect$$rtentry$$00000004)
    __rt_entry_li                            0x080002cb   Thumb Code     0  __rtentry2.o(.ARM.Collect$$rtentry$$0000000A)
    __rt_entry_postsh_1                      0x080002cb   Thumb Code     0  __rtentry2.o(.ARM.Collect$$rtentry$$00000009)
    __rt_entry_main                          0x080002cf   Thumb Code     0  __rtentry2.o(.ARM.Collect$$rtentry$$0000000D)
    __rt_entry_postli_1                      0x080002cf   Thumb Code     0  __rtentry2.o(.ARM.Collect$$rtentry$$0000000C)
    __rt_exit                                0x080002d7   Thumb Code     0  rtexit.o(.ARM.Collect$$rtexit$$00000000)
    __rt_exit_ls                             0x080002d9   Thumb Code     0  rtexit2.o(.ARM.Collect$$rtexit$$00000003)
    __rt_exit_prels_1                        0x080002d9   Thumb Code     0  rtexit2.o(.ARM.Collect$$rtexit$$00000002)
    __rt_exit_exit                           0x080002dd   Thumb Code     0  rtexit2.o(.ARM.Collect$$rtexit$$00000004)
    Reset_Handler                            0x080002e5   Thumb Code     8  startup_stm32f411xe.o(.text)
    DMA1_Stream0_IRQHandler                  0x080002ff   Thumb Code     0  startup_stm32f411xe.o(.text)
    DMA1_Stream1_IRQHandler                  0x080002ff   Thumb Code     0  startup_stm32f411xe.o(.text)
    DMA1_Stream2_IRQHandler                  0x080002ff   Thumb Code     0  startup_stm32f411xe.o(.text)
    DMA1_Stream3_IRQHandler                  0x080002ff   Thumb Code     0  startup_stm32f411xe.o(.text)
    DMA1_Stream4_IRQHandler                  0x080002ff   Thumb Code     0  startup_stm32f411xe.o(.text)
    DMA1_Stream5_IRQHandler                  0x080002ff   Thumb Code     0  startup_stm32f411xe.o(.text)
    DMA1_Stream6_IRQHandler                  0x080002ff   Thumb Code     0  startup_stm32f411xe.o(.text)
    DMA1_Stream7_IRQHandler                  0x080002ff   Thumb Code     0  startup_stm32f411xe.o(.text)
    DMA2_Stream1_IRQHandler                  0x080002ff   Thumb Code     0  startup_stm32f411xe.o(.text)
    DMA2_Stream2_IRQHandler                  0x080002ff   Thumb Code     0  startup_stm32f411xe.o(.text)
    DMA2_Stream3_IRQHandler                  0x080002ff   Thumb Code     0  startup_stm32f411xe.o(.text)
    DMA2_Stream4_IRQHandler                  0x080002ff   Thumb Code     0  startup_stm32f411xe.o(.text)
    DMA2_Stream5_IRQHandler                  0x080002ff   Thumb Code     0  startup_stm32f411xe.o(.text)
    DMA2_Stream6_IRQHandler                  0x080002ff   Thumb Code     0  startup_stm32f411xe.o(.text)
    DMA2_Stream7_IRQHandler                  0x080002ff   Thumb Code     0  startup_stm32f411xe.o(.text)
    EXTI0_IRQHandler                         0x080002ff   Thumb Code     0  startup_stm32f411xe.o(.text)
    EXTI15_10_IRQHandler                     0x080002ff   Thumb Code     0  startup_stm32f411xe.o(.text)
    EXTI1_IRQHandler                         0x080002ff   Thumb Code     0  startup_stm32f411xe.o(.text)
    EXTI2_IRQHandler                         0x080002ff   Thumb Code     0  startup_stm32f411xe.o(.text)
    EXTI3_IRQHandler                         0x080002ff   Thumb Code     0  startup_stm32f411xe.o(.text)
    EXTI4_IRQHandler                         0x080002ff   Thumb Code     0  startup_stm32f411xe.o(.text)
    EXTI9_5_IRQHandler                       0x080002ff   Thumb Code     0  startup_stm32f411xe.o(.text)
    FLASH_IRQHandler                         0x080002ff   Thumb Code     0  startup_stm32f411xe.o(.text)
    FPU_IRQHandler                           0x080002ff   Thumb Code     0  startup_stm32f411xe.o(.text)
    I2C1_ER_IRQHandler                       0x080002ff   Thumb Code     0  startup_stm32f411xe.o(.text)
    I2C1_EV_IRQHandler                       0x080002ff   Thumb Code     0  startup_stm32f411xe.o(.text)
    I2C2_ER_IRQHandler                       0x080002ff   Thumb Code     0  startup_stm32f411xe.o(.text)
    I2C2_EV_IRQHandler                       0x080002ff   Thumb Code     0  startup_stm32f411xe.o(.text)
    I2C3_ER_IRQHandler                       0x080002ff   Thumb Code     0  startup_stm32f411xe.o(.text)
    I2C3_EV_IRQHandler                       0x080002ff   Thumb Code     0  startup_stm32f411xe.o(.text)
    OTG_FS_IRQHandler                        0x080002ff   Thumb Code     0  startup_stm32f411xe.o(.text)
    OTG_FS_WKUP_IRQHandler                   0x080002ff   Thumb Code     0  startup_stm32f411xe.o(.text)
    PVD_IRQHandler                           0x080002ff   Thumb Code     0  startup_stm32f411xe.o(.text)
    RCC_IRQHandler                           0x080002ff   Thumb Code     0  startup_stm32f411xe.o(.text)
    RTC_Alarm_IRQHandler                     0x080002ff   Thumb Code     0  startup_stm32f411xe.o(.text)
    RTC_WKUP_IRQHandler                      0x080002ff   Thumb Code     0  startup_stm32f411xe.o(.text)
    SDIO_IRQHandler                          0x080002ff   Thumb Code     0  startup_stm32f411xe.o(.text)
    SPI1_IRQHandler                          0x080002ff   Thumb Code     0  startup_stm32f411xe.o(.text)
    SPI2_IRQHandler                          0x080002ff   Thumb Code     0  startup_stm32f411xe.o(.text)
    SPI3_IRQHandler                          0x080002ff   Thumb Code     0  startup_stm32f411xe.o(.text)
    SPI4_IRQHandler                          0x080002ff   Thumb Code     0  startup_stm32f411xe.o(.text)
    SPI5_IRQHandler                          0x080002ff   Thumb Code     0  startup_stm32f411xe.o(.text)
    TAMP_STAMP_IRQHandler                    0x080002ff   Thumb Code     0  startup_stm32f411xe.o(.text)
    TIM1_BRK_TIM9_IRQHandler                 0x080002ff   Thumb Code     0  startup_stm32f411xe.o(.text)
    TIM1_CC_IRQHandler                       0x080002ff   Thumb Code     0  startup_stm32f411xe.o(.text)
    TIM1_TRG_COM_TIM11_IRQHandler            0x080002ff   Thumb Code     0  startup_stm32f411xe.o(.text)
    TIM1_UP_TIM10_IRQHandler                 0x080002ff   Thumb Code     0  startup_stm32f411xe.o(.text)
    TIM2_IRQHandler                          0x080002ff   Thumb Code     0  startup_stm32f411xe.o(.text)
    TIM3_IRQHandler                          0x080002ff   Thumb Code     0  startup_stm32f411xe.o(.text)
    TIM4_IRQHandler                          0x080002ff   Thumb Code     0  startup_stm32f411xe.o(.text)
    TIM5_IRQHandler                          0x080002ff   Thumb Code     0  startup_stm32f411xe.o(.text)
    USART1_IRQHandler                        0x080002ff   Thumb Code     0  startup_stm32f411xe.o(.text)
    USART2_IRQHandler                        0x080002ff   Thumb Code     0  startup_stm32f411xe.o(.text)
    USART6_IRQHandler                        0x080002ff   Thumb Code     0  startup_stm32f411xe.o(.text)
    WWDG_IRQHandler                          0x080002ff   Thumb Code     0  startup_stm32f411xe.o(.text)
    __user_initial_stackheap                 0x08000301   Thumb Code     0  startup_stm32f411xe.o(.text)
    __aeabi_uldivmod                         0x08000325   Thumb Code     0  lludivv7m.o(.text)
    _ll_udiv                                 0x08000325   Thumb Code   238  lludivv7m.o(.text)
    sprintf                                  0x08000415   Thumb Code    38  sprintf.o(.text)
    strlen                                   0x08000441   Thumb Code    62  strlen.o(.text)
    __aeabi_memcpy4                          0x0800047f   Thumb Code     0  rt_memcpy_w.o(.text)
    __aeabi_memcpy8                          0x0800047f   Thumb Code     0  rt_memcpy_w.o(.text)
    __rt_memcpy_w                            0x0800047f   Thumb Code   100  rt_memcpy_w.o(.text)
    _memcpy_lastbytes_aligned                0x080004c7   Thumb Code     0  rt_memcpy_w.o(.text)
    __aeabi_memclr4                          0x080004e3   Thumb Code     0  rt_memclr_w.o(.text)
    __aeabi_memclr8                          0x080004e3   Thumb Code     0  rt_memclr_w.o(.text)
    __rt_memclr_w                            0x080004e3   Thumb Code    78  rt_memclr_w.o(.text)
    _memset_w                                0x080004e7   Thumb Code     0  rt_memclr_w.o(.text)
    __use_two_region_memory                  0x08000531   Thumb Code     2  heapauxi.o(.text)
    __rt_heap_escrow$2region                 0x08000533   Thumb Code     2  heapauxi.o(.text)
    __rt_heap_expand$2region                 0x08000535   Thumb Code     2  heapauxi.o(.text)
    __read_errno                             0x08000537   Thumb Code    10  _rserrno.o(.text)
    __set_errno                              0x08000541   Thumb Code    12  _rserrno.o(.text)
    _printf_pre_padding                      0x0800054d   Thumb Code    44  _printf_pad.o(.text)
    _printf_post_padding                     0x08000579   Thumb Code    34  _printf_pad.o(.text)
    _printf_truncate_signed                  0x0800059b   Thumb Code    18  _printf_truncate.o(.text)
    _printf_truncate_unsigned                0x080005ad   Thumb Code    18  _printf_truncate.o(.text)
    _printf_str                              0x080005bf   Thumb Code    82  _printf_str.o(.text)
    _printf_int_dec                          0x08000611   Thumb Code   104  _printf_dec.o(.text)
    _printf_charcount                        0x08000689   Thumb Code    40  _printf_charcount.o(.text)
    _printf_char_common                      0x080006bb   Thumb Code    32  _printf_char_common.o(.text)
    _sputc                                   0x080006e1   Thumb Code    10  _sputc.o(.text)
    _printf_wctomb                           0x080006ed   Thumb Code   182  _printf_wctomb.o(.text)
    _printf_longlong_dec                     0x080007a9   Thumb Code   108  _printf_longlong_dec.o(.text)
    _printf_longlong_oct                     0x08000825   Thumb Code    66  _printf_oct_int_ll.o(.text)
    _printf_int_oct                          0x08000867   Thumb Code    24  _printf_oct_int_ll.o(.text)
    _printf_ll_oct                           0x0800087f   Thumb Code    12  _printf_oct_int_ll.o(.text)
    _printf_longlong_hex                     0x08000895   Thumb Code    86  _printf_hex_int_ll_ptr.o(.text)
    _printf_int_hex                          0x080008eb   Thumb Code    28  _printf_hex_int_ll_ptr.o(.text)
    _printf_ll_hex                           0x08000907   Thumb Code    12  _printf_hex_int_ll_ptr.o(.text)
    _printf_hex_ptr                          0x08000913   Thumb Code    18  _printf_hex_int_ll_ptr.o(.text)
    __printf                                 0x08000929   Thumb Code   388  __printf_flags_ss_wp.o(.text)
    __aeabi_errno_addr                       0x08000ab1   Thumb Code     8  rt_errno_addr_intlibspace.o(.text)
    __errno$intlibspace                      0x08000ab1   Thumb Code     0  rt_errno_addr_intlibspace.o(.text)
    __rt_errno_addr$intlibspace              0x08000ab1   Thumb Code     0  rt_errno_addr_intlibspace.o(.text)
    _ll_udiv10                               0x08000ab9   Thumb Code   138  lludiv10.o(.text)
    _printf_int_common                       0x08000b43   Thumb Code   178  _printf_intcommon.o(.text)
    __lib_sel_fp_printf                      0x08000bf5   Thumb Code     2  _printf_fp_dec.o(.text)
    _printf_fp_dec_real                      0x08000da7   Thumb Code   620  _printf_fp_dec.o(.text)
    _printf_fp_hex_real                      0x08001015   Thumb Code   756  _printf_fp_hex.o(.text)
    _printf_cs_common                        0x08001311   Thumb Code    20  _printf_char.o(.text)
    _printf_char                             0x08001325   Thumb Code    16  _printf_char.o(.text)
    _printf_string                           0x08001335   Thumb Code     8  _printf_char.o(.text)
    _printf_lcs_common                       0x0800133d   Thumb Code    20  _printf_wchar.o(.text)
    _printf_wchar                            0x08001351   Thumb Code    16  _printf_wchar.o(.text)
    _printf_wstring                          0x08001361   Thumb Code     8  _printf_wchar.o(.text)
    _wcrtomb                                 0x08001369   Thumb Code    64  _wcrtomb.o(.text)
    __user_libspace                          0x080013a9   Thumb Code     8  libspace.o(.text)
    __user_perproc_libspace                  0x080013a9   Thumb Code     0  libspace.o(.text)
    __user_perthread_libspace                0x080013a9   Thumb Code     0  libspace.o(.text)
    __user_setup_stackheap                   0x080013b1   Thumb Code    74  sys_stackheap_outer.o(.text)
    __rt_ctype_table                         0x080013fd   Thumb Code    16  rt_ctype_table.o(.text)
    __rt_locale                              0x0800140d   Thumb Code     8  rt_locale_intlibspace.o(.text)
    _printf_fp_infnan                        0x08001415   Thumb Code   112  _printf_fp_infnan.o(.text)
    _btod_etento                             0x08001495   Thumb Code   224  bigflt0.o(.text)
    exit                                     0x08001579   Thumb Code    18  exit.o(.text)
    strcmp                                   0x0800158d   Thumb Code   128  strcmpv7m.o(.text)
    _sys_exit                                0x0800160d   Thumb Code     8  sys_exit.o(.text)
    __I$use$semihosting                      0x08001619   Thumb Code     0  use_no_semi.o(.text)
    __use_no_semihosting_swi                 0x08001619   Thumb Code     2  use_no_semi.o(.text)
    __semihosting_library_function           0x0800161b   Thumb Code     0  indicate_semi.o(.text)
    _btod_d2e                                0x0800161b   Thumb Code    62  btod.o(CL$$btod_d2e)
    _d2e_denorm_low                          0x08001659   Thumb Code    70  btod.o(CL$$btod_d2e_denorm_low)
    _d2e_norm_op1                            0x0800169f   Thumb Code    96  btod.o(CL$$btod_d2e_norm_op1)
    __btod_div_common                        0x080016ff   Thumb Code   696  btod.o(CL$$btod_div_common)
    _e2e                                     0x08001a37   Thumb Code   220  btod.o(CL$$btod_e2e)
    _btod_ediv                               0x08001b13   Thumb Code    42  btod.o(CL$$btod_ediv)
    _btod_emul                               0x08001b3d   Thumb Code    42  btod.o(CL$$btod_emul)
    __btod_mult_common                       0x08001b67   Thumb Code   580  btod.o(CL$$btod_mult_common)
    ADC_IRQHandler                           0x08001e39   Thumb Code     6  stm32f4xx_it.o(i.ADC_IRQHandler)
    BusFault_Handler                         0x08001f6d   Thumb Code     2  stm32f4xx_it.o(i.BusFault_Handler)
    DMA2_Stream0_IRQHandler                  0x08001f71   Thumb Code     6  stm32f4xx_it.o(i.DMA2_Stream0_IRQHandler)
    DebugMon_Handler                         0x08002021   Thumb Code     2  stm32f4xx_it.o(i.DebugMon_Handler)
    Error_Handler                            0x08002023   Thumb Code     4  main.o(i.Error_Handler)
    HAL_ADCEx_InjectedConvCpltCallback       0x08002027   Thumb Code     2  stm32f4xx_hal_adc_ex.o(i.HAL_ADCEx_InjectedConvCpltCallback)
    HAL_ADC_ConfigChannel                    0x08002029   Thumb Code   334  stm32f4xx_hal_adc.o(i.HAL_ADC_ConfigChannel)
    HAL_ADC_ConvCpltCallback                 0x0800218d   Thumb Code     2  stm32f4xx_hal_adc.o(i.HAL_ADC_ConvCpltCallback)
    HAL_ADC_ConvHalfCpltCallback             0x0800218f   Thumb Code     2  stm32f4xx_hal_adc.o(i.HAL_ADC_ConvHalfCpltCallback)
    HAL_ADC_ErrorCallback                    0x08002191   Thumb Code     2  stm32f4xx_hal_adc.o(i.HAL_ADC_ErrorCallback)
    HAL_ADC_IRQHandler                       0x08002193   Thumb Code   302  stm32f4xx_hal_adc.o(i.HAL_ADC_IRQHandler)
    HAL_ADC_Init                             0x080022c1   Thumb Code    84  stm32f4xx_hal_adc.o(i.HAL_ADC_Init)
    HAL_ADC_LevelOutOfWindowCallback         0x08002315   Thumb Code     2  stm32f4xx_hal_adc.o(i.HAL_ADC_LevelOutOfWindowCallback)
    HAL_ADC_MspInit                          0x08002319   Thumb Code   148  stm32f4xx_hal_msp.o(i.HAL_ADC_MspInit)
    HAL_ADC_Start_DMA                        0x080023c1   Thumb Code   262  stm32f4xx_hal_adc.o(i.HAL_ADC_Start_DMA)
    HAL_DMA_IRQHandler                       0x080024e5   Thumb Code   412  stm32f4xx_hal_dma.o(i.HAL_DMA_IRQHandler)
    HAL_DMA_Init                             0x08002685   Thumb Code   206  stm32f4xx_hal_dma.o(i.HAL_DMA_Init)
    HAL_DMA_Start_IT                         0x08002759   Thumb Code   110  stm32f4xx_hal_dma.o(i.HAL_DMA_Start_IT)
    HAL_Delay                                0x080027c9   Thumb Code    32  stm32f4xx_hal.o(i.HAL_Delay)
    HAL_GPIO_Init                            0x080027ed   Thumb Code   446  stm32f4xx_hal_gpio.o(i.HAL_GPIO_Init)
    HAL_GetTick                              0x080029cd   Thumb Code     6  stm32f4xx_hal.o(i.HAL_GetTick)
    HAL_I2C_Init                             0x080029d9   Thumb Code   376  stm32f4xx_hal_i2c.o(i.HAL_I2C_Init)
    HAL_I2C_IsDeviceReady                    0x08002b61   Thumb Code   354  stm32f4xx_hal_i2c.o(i.HAL_I2C_IsDeviceReady)
    HAL_I2C_Master_Receive                   0x08002ccd   Thumb Code   468  stm32f4xx_hal_i2c.o(i.HAL_I2C_Master_Receive)
    HAL_I2C_Master_Transmit                  0x08002ead   Thumb Code   290  stm32f4xx_hal_i2c.o(i.HAL_I2C_Master_Transmit)
    HAL_I2C_MspInit                          0x08002fd9   Thumb Code   170  stm32f4xx_hal_msp.o(i.HAL_I2C_MspInit)
    HAL_IncTick                              0x08003095   Thumb Code    12  stm32f4xx_hal.o(i.HAL_IncTick)
    HAL_Init                                 0x080030a5   Thumb Code    48  stm32f4xx_hal.o(i.HAL_Init)
    HAL_InitTick                             0x080030d9   Thumb Code    54  stm32f4xx_hal.o(i.HAL_InitTick)
    HAL_MspInit                              0x08003119   Thumb Code    42  stm32f4xx_hal_msp.o(i.HAL_MspInit)
    HAL_NVIC_EnableIRQ                       0x08003149   Thumb Code    26  stm32f4xx_hal_cortex.o(i.HAL_NVIC_EnableIRQ)
    HAL_NVIC_SetPriority                     0x08003165   Thumb Code    60  stm32f4xx_hal_cortex.o(i.HAL_NVIC_SetPriority)
    HAL_NVIC_SetPriorityGrouping             0x080031a5   Thumb Code    26  stm32f4xx_hal_cortex.o(i.HAL_NVIC_SetPriorityGrouping)
    HAL_RCC_ClockConfig                      0x080031c9   Thumb Code   288  stm32f4xx_hal_rcc.o(i.HAL_RCC_ClockConfig)
    HAL_RCC_GetPCLK1Freq                     0x080032fd   Thumb Code    20  stm32f4xx_hal_rcc.o(i.HAL_RCC_GetPCLK1Freq)
    HAL_RCC_GetSysClockFreq                  0x0800331d   Thumb Code    88  stm32f4xx_hal_rcc.o(i.HAL_RCC_GetSysClockFreq)
    HAL_RCC_OscConfig                        0x08003381   Thumb Code   856  stm32f4xx_hal_rcc.o(i.HAL_RCC_OscConfig)
    HAL_SYSTICK_Config                       0x080036ed   Thumb Code    40  stm32f4xx_hal_cortex.o(i.HAL_SYSTICK_Config)
    HAL_TIMEx_ConfigBreakDeadTime            0x08003715   Thumb Code    84  stm32f4xx_hal_tim_ex.o(i.HAL_TIMEx_ConfigBreakDeadTime)
    HAL_TIMEx_MasterConfigSynchronization    0x08003769   Thumb Code   104  stm32f4xx_hal_tim_ex.o(i.HAL_TIMEx_MasterConfigSynchronization)
    HAL_TIM_Base_Init                        0x080037e5   Thumb Code    90  stm32f4xx_hal_tim.o(i.HAL_TIM_Base_Init)
    HAL_TIM_Base_MspInit                     0x08003841   Thumb Code    30  stm32f4xx_hal_msp.o(i.HAL_TIM_Base_MspInit)
    HAL_TIM_ConfigClockSource                0x08003869   Thumb Code   220  stm32f4xx_hal_tim.o(i.HAL_TIM_ConfigClockSource)
    HAL_TIM_MspPostInit                      0x08003945   Thumb Code    72  stm32f4xx_hal_msp.o(i.HAL_TIM_MspPostInit)
    HAL_TIM_PWM_ConfigChannel                0x08003999   Thumb Code   204  stm32f4xx_hal_tim.o(i.HAL_TIM_PWM_ConfigChannel)
    HAL_TIM_PWM_Init                         0x08003a65   Thumb Code    90  stm32f4xx_hal_tim.o(i.HAL_TIM_PWM_Init)
    HAL_TIM_PWM_MspInit                      0x08003abf   Thumb Code     2  stm32f4xx_hal_tim.o(i.HAL_TIM_PWM_MspInit)
    HAL_TIM_PWM_Start                        0x08003ac1   Thumb Code   156  stm32f4xx_hal_tim.o(i.HAL_TIM_PWM_Start)
    HardFault_Handler                        0x08003b71   Thumb Code     2  stm32f4xx_it.o(i.HardFault_Handler)
    LCD_BackLight                            0x08003f25   Thumb Code    20  lcd_i2cmodule.o(i.LCD_BackLight)
    LCD_Init                                 0x08003f3d   Thumb Code    70  lcd_i2cmodule.o(i.LCD_Init)
    LCD_Print                                0x08003f83   Thumb Code    42  lcd_i2cmodule.o(i.LCD_Print)
    LCD_Send_String                          0x08003fad   Thumb Code   198  lcd_i2cmodule.o(i.LCD_Send_String)
    LCD_SetCursor                            0x0800407d   Thumb Code    38  lcd_i2cmodule.o(i.LCD_SetCursor)
    LCD_Set_Command                          0x080040ad   Thumb Code    68  lcd_i2cmodule.o(i.LCD_Set_Command)
    LCD_Write_Data                           0x080040f9   Thumb Code    76  lcd_i2cmodule.o(i.LCD_Write_Data)
    LCD_i2cDeviceCheck                       0x0800414d   Thumb Code    36  lcd_i2cmodule.o(i.LCD_i2cDeviceCheck)
    MPU6050BufferReset                       0x08004179   Thumb Code    20  mpu6050.o(i.MPU6050BufferReset)
    MPU6050Check                             0x08004191   Thumb Code    58  mpu6050.o(i.MPU6050Check)
    MPU6050Init                              0x080041d1   Thumb Code    88  mpu6050.o(i.MPU6050Init)
    MPU6050ReadRegister                      0x08004231   Thumb Code    46  mpu6050.o(i.MPU6050ReadRegister)
    MPU6050Start                             0x08004265   Thumb Code    56  mpu6050.o(i.MPU6050Start)
    MPU6050UpdateAccel                       0x080042a1   Thumb Code    40  mpu6050.o(i.MPU6050UpdateAccel)
    MPU6050UpdateGyro                        0x080042cd   Thumb Code    40  mpu6050.o(i.MPU6050UpdateGyro)
    MPU6050WriteRegister                     0x080042f9   Thumb Code    36  mpu6050.o(i.MPU6050WriteRegister)
    MemManage_Handler                        0x080044f9   Thumb Code     2  stm32f4xx_it.o(i.MemManage_Handler)
    NMI_Handler                              0x080044fb   Thumb Code     2  stm32f4xx_it.o(i.NMI_Handler)
    PID_iterate                              0x080044fd   Thumb Code   138  pid.o(i.PID_iterate)
    PID_set_Kp                               0x08004587   Thumb Code     6  pid.o(i.PID_set_Kp)
    PendSV_Handler                           0x0800458d   Thumb Code     2  stm32f4xx_it.o(i.PendSV_Handler)
    SVC_Handler                              0x0800458f   Thumb Code     2  stm32f4xx_it.o(i.SVC_Handler)
    SysTick_Handler                          0x08004591   Thumb Code     4  stm32f4xx_it.o(i.SysTick_Handler)
    SystemClock_Config                       0x08004595   Thumb Code   136  main.o(i.SystemClock_Config)
    SystemInit                               0x08004625   Thumb Code    12  system_stm32f4xx.o(i.SystemInit)
    TIM_Base_SetConfig                       0x08004635   Thumb Code   122  stm32f4xx_hal_tim.o(i.TIM_Base_SetConfig)
    TIM_CCxChannelCmd                        0x080046cd   Thumb Code    26  stm32f4xx_hal_tim.o(i.TIM_CCxChannelCmd)
    TIM_ETR_SetConfig                        0x080046e7   Thumb Code    20  stm32f4xx_hal_tim.o(i.TIM_ETR_SetConfig)
    TIM_OC2_SetConfig                        0x0800475d   Thumb Code    84  stm32f4xx_hal_tim.o(i.TIM_OC2_SetConfig)
    UsageFault_Handler                       0x08004897   Thumb Code     2  stm32f4xx_it.o(i.UsageFault_Handler)
    __ARM_fpclassify                         0x08004899   Thumb Code    48  fpclassify.o(i.__ARM_fpclassify)
    __ARM_fpclassifyf                        0x080048c9   Thumb Code    38  fpclassifyf.o(i.__ARM_fpclassifyf)
    __hardfp_atan2f                          0x08004911   Thumb Code   594  atan2f.o(i.__hardfp_atan2f)
    __mathlib_flt_infnan2                    0x08004bbd   Thumb Code     6  funder.o(i.__mathlib_flt_infnan2)
    __mathlib_flt_underflow                  0x08004bc5   Thumb Code    10  funder.o(i.__mathlib_flt_underflow)
    _is_digit                                0x08004bd5   Thumb Code    14  __printf_wp.o(i._is_digit)
    main                                     0x08004c3d   Thumb Code   686  main.o(i.main)
    mapPot                                   0x08004f59   Thumb Code    26  main.o(i.mapPot)
    _get_lc_numeric                          0x08004f75   Thumb Code    44  lc_numeric_c.o(locale$$code)
    _get_lc_ctype                            0x08004fa1   Thumb Code    44  lc_ctype_c.o(locale$$code)
    __aeabi_d2f                              0x08004fcd   Thumb Code     0  d2f.o(x$fpl$d2f)
    _d2f                                     0x08004fcd   Thumb Code    98  d2f.o(x$fpl$d2f)
    __aeabi_ddiv                             0x08005031   Thumb Code     0  ddiv.o(x$fpl$ddiv)
    _ddiv                                    0x08005031   Thumb Code   552  ddiv.o(x$fpl$ddiv)
    __aeabi_ui2d                             0x080052e1   Thumb Code     0  dflt_clz.o(x$fpl$dfltu)
    _dfltu                                   0x080052e1   Thumb Code    38  dflt_clz.o(x$fpl$dfltu)
    __fpl_dnaninf                            0x08005307   Thumb Code   156  dnaninf.o(x$fpl$dnaninf)
    __fpl_dretinf                            0x080053a3   Thumb Code    12  dretinf.o(x$fpl$dretinf)
    __aeabi_f2d                              0x080053b1   Thumb Code     0  f2d.o(x$fpl$f2d)
    _f2d                                     0x080053b1   Thumb Code    86  f2d.o(x$fpl$f2d)
    __fpl_fnaninf                            0x08005407   Thumb Code   140  fnaninf.o(x$fpl$fnaninf)
    _fp_init                                 0x08005493   Thumb Code    10  fpinit.o(x$fpl$fpinit)
    __fplib_config_fpu_vfp                   0x0800549b   Thumb Code     0  fpinit.o(x$fpl$fpinit)
    __fplib_config_pureend_doubles           0x0800549b   Thumb Code     0  fpinit.o(x$fpl$fpinit)
    __fpl_fretinf                            0x0800549d   Thumb Code    10  fretinf.o(x$fpl$fretinf)
    _printf_fp_dec                           0x080054a7   Thumb Code     4  printf1.o(x$fpl$printf1)
    _printf_fp_hex                           0x080054ab   Thumb Code     4  printf2.o(x$fpl$printf2)
    __I$use$fp                               0x080054ae   Number         0  usenofp.o(x$fpl$usenofp)
    AHBPrescTable                            0x080054d6   Data          16  system_stm32f4xx.o(.constdata)
    APBPrescTable                            0x080054e6   Data           8  system_stm32f4xx.o(.constdata)
    Region$$Table$$Base                      0x080055ec   Number         0  anon$$obj.o(Region$$Table)
    Region$$Table$$Limit                     0x0800560c   Number         0  anon$$obj.o(Region$$Table)
    __ctype                                  0x08005635   Data           0  lc_ctype_c.o(locale$$data)
    i2cDeviceAddr                            0x20000000   Data           1  lcd_i2cmodule.o(.data)
    mpui2c                                   0x20000014   Data           4  mpu6050.o(.data)
    mpu                                      0x20000018   Data           4  mpu6050.o(.data)
    setPoint                                 0x2000001c   Data           4  main.o(.data)
    setPoint_r                               0x20000020   Data           4  main.o(.data)
    presentValue                             0x20000024   Data           4  main.o(.data)
    Kp                                       0x20000028   Data           4  main.o(.data)
    Kp_r                                     0x2000002c   Data           4  main.o(.data)
    Ki                                       0x20000030   Data           4  main.o(.data)
    pitch                                    0x20000034   Data           4  main.o(.data)
    _timer                                   0x20000038   Data           4  main.o(.data)
    _timer_pid                               0x2000003c   Data           4  main.o(.data)
    dt_pid                                   0x20000040   Data           4  main.o(.data)
    dt                                       0x20000044   Data           4  main.o(.data)
    pitch_raw                                0x20000048   Data           4  main.o(.data)
    u                                        0x2000004c   Data           4  main.o(.data)
    uwTickFreq                               0x20000050   Data           1  stm32f4xx_hal.o(.data)
    uwTickPrio                               0x20000054   Data           4  stm32f4xx_hal.o(.data)
    uwTick                                   0x20000058   Data           4  stm32f4xx_hal.o(.data)
    SystemCoreClock                          0x2000005c   Data           4  system_stm32f4xx.o(.data)
    hi2cx                                    0x200001f0   Data          84  lcd_i2cmodule.o(.bss)
    hadc1                                    0x20000244   Data          72  main.o(.bss)
    hi2c1                                    0x2000028c   Data          84  main.o(.bss)
    hi2c2                                    0x200002e0   Data          84  main.o(.bss)
    htim1                                    0x20000334   Data          72  main.o(.bss)
    adcBuffer                                0x2000037c   Data          16  main.o(.bss)
    myMPU                                    0x2000038c   Data          32  main.o(.bss)
    myPID                                    0x200003ac   Data          44  main.o(.bss)
    hdma_adc1                                0x200003d8   Data          96  main.o(.bss)
    __libspace_start                         0x20000438   Data          96  libspace.o(.bss)
    __temporary_stack_top$libspace           0x20000498   Data           0  libspace.o(.bss)



==============================================================================

Memory Map of the image

  Image Entry point : 0x08000199

  Load Region LR_IROM1 (Base: 0x08000000, Size: 0x00005798, Max: 0x00080000, ABSOLUTE)

    Execution Region ER_IROM1 (Exec base: 0x08000000, Load base: 0x08000000, Size: 0x00005738, Max: 0x00080000, ABSOLUTE)

    Exec Addr    Load Addr    Size         Type   Attr      Idx    E Section Name        Object

    0x08000000   0x08000000   0x00000198   Data   RO            3    RESET               startup_stm32f411xe.o
    0x08000198   0x08000198   0x00000008   Code   RO         3546  * !!!main             c_w.l(__main.o)
    0x080001a0   0x080001a0   0x00000034   Code   RO         3942    !!!scatter          c_w.l(__scatter.o)
    0x080001d4   0x080001d4   0x0000001a   Code   RO         3944    !!handler_copy      c_w.l(__scatter_copy.o)
    0x080001ee   0x080001ee   0x00000002   PAD
    0x080001f0   0x080001f0   0x0000001c   Code   RO         3946    !!handler_zi        c_w.l(__scatter_zi.o)
    0x0800020c   0x0800020c   0x00000000   Code   RO         3668    .ARM.Collect$$_printf_percent$$00000000  c_w.l(_printf_percent.o)
    0x0800020c   0x0800020c   0x00000006   Code   RO         3657    .ARM.Collect$$_printf_percent$$00000001  c_w.l(_printf_n.o)
    0x08000212   0x08000212   0x00000006   Code   RO         3659    .ARM.Collect$$_printf_percent$$00000002  c_w.l(_printf_p.o)
    0x08000218   0x08000218   0x00000006   Code   RO         3664    .ARM.Collect$$_printf_percent$$00000003  c_w.l(_printf_f.o)
    0x0800021e   0x0800021e   0x00000006   Code   RO         3665    .ARM.Collect$$_printf_percent$$00000004  c_w.l(_printf_e.o)
    0x08000224   0x08000224   0x00000006   Code   RO         3666    .ARM.Collect$$_printf_percent$$00000005  c_w.l(_printf_g.o)
    0x0800022a   0x0800022a   0x00000006   Code   RO         3667    .ARM.Collect$$_printf_percent$$00000006  c_w.l(_printf_a.o)
    0x08000230   0x08000230   0x0000000a   Code   RO         3672    .ARM.Collect$$_printf_percent$$00000007  c_w.l(_printf_ll.o)
    0x0800023a   0x0800023a   0x00000006   Code   RO         3661    .ARM.Collect$$_printf_percent$$00000008  c_w.l(_printf_i.o)
    0x08000240   0x08000240   0x00000006   Code   RO         3662    .ARM.Collect$$_printf_percent$$00000009  c_w.l(_printf_d.o)
    0x08000246   0x08000246   0x00000006   Code   RO         3663    .ARM.Collect$$_printf_percent$$0000000A  c_w.l(_printf_u.o)
    0x0800024c   0x0800024c   0x00000006   Code   RO         3660    .ARM.Collect$$_printf_percent$$0000000B  c_w.l(_printf_o.o)
    0x08000252   0x08000252   0x00000006   Code   RO         3658    .ARM.Collect$$_printf_percent$$0000000C  c_w.l(_printf_x.o)
    0x08000258   0x08000258   0x00000006   Code   RO         3669    .ARM.Collect$$_printf_percent$$0000000D  c_w.l(_printf_lli.o)
    0x0800025e   0x0800025e   0x00000006   Code   RO         3670    .ARM.Collect$$_printf_percent$$0000000E  c_w.l(_printf_lld.o)
    0x08000264   0x08000264   0x00000006   Code   RO         3671    .ARM.Collect$$_printf_percent$$0000000F  c_w.l(_printf_llu.o)
    0x0800026a   0x0800026a   0x00000006   Code   RO         3676    .ARM.Collect$$_printf_percent$$00000010  c_w.l(_printf_llo.o)
    0x08000270   0x08000270   0x00000006   Code   RO         3677    .ARM.Collect$$_printf_percent$$00000011  c_w.l(_printf_llx.o)
    0x08000276   0x08000276   0x0000000a   Code   RO         3673    .ARM.Collect$$_printf_percent$$00000012  c_w.l(_printf_l.o)
    0x08000280   0x08000280   0x00000006   Code   RO         3655    .ARM.Collect$$_printf_percent$$00000013  c_w.l(_printf_c.o)
    0x08000286   0x08000286   0x00000006   Code   RO         3656    .ARM.Collect$$_printf_percent$$00000014  c_w.l(_printf_s.o)
    0x0800028c   0x0800028c   0x00000006   Code   RO         3674    .ARM.Collect$$_printf_percent$$00000015  c_w.l(_printf_lc.o)
    0x08000292   0x08000292   0x00000006   Code   RO         3675    .ARM.Collect$$_printf_percent$$00000016  c_w.l(_printf_ls.o)
    0x08000298   0x08000298   0x00000004   Code   RO         3748    .ARM.Collect$$_printf_percent$$00000017  c_w.l(_printf_percent_end.o)
    0x0800029c   0x0800029c   0x00000002   Code   RO         3804    .ARM.Collect$$libinit$$00000000  c_w.l(libinit.o)
    0x0800029e   0x0800029e   0x00000004   Code   RO         3822    .ARM.Collect$$libinit$$00000001  c_w.l(libinit2.o)
    0x080002a2   0x080002a2   0x00000000   Code   RO         3825    .ARM.Collect$$libinit$$00000004  c_w.l(libinit2.o)
    0x080002a2   0x080002a2   0x00000000   Code   RO         3828    .ARM.Collect$$libinit$$0000000A  c_w.l(libinit2.o)
    0x080002a2   0x080002a2   0x00000000   Code   RO         3830    .ARM.Collect$$libinit$$0000000C  c_w.l(libinit2.o)
    0x080002a2   0x080002a2   0x00000000   Code   RO         3832    .ARM.Collect$$libinit$$0000000E  c_w.l(libinit2.o)
    0x080002a2   0x080002a2   0x00000006   Code   RO         3833    .ARM.Collect$$libinit$$0000000F  c_w.l(libinit2.o)
    0x080002a8   0x080002a8   0x00000000   Code   RO         3835    .ARM.Collect$$libinit$$00000011  c_w.l(libinit2.o)
    0x080002a8   0x080002a8   0x0000000c   Code   RO         3836    .ARM.Collect$$libinit$$00000012  c_w.l(libinit2.o)
    0x080002b4   0x080002b4   0x00000000   Code   RO         3837    .ARM.Collect$$libinit$$00000013  c_w.l(libinit2.o)
    0x080002b4   0x080002b4   0x00000000   Code   RO         3839    .ARM.Collect$$libinit$$00000015  c_w.l(libinit2.o)
    0x080002b4   0x080002b4   0x0000000a   Code   RO         3840    .ARM.Collect$$libinit$$00000016  c_w.l(libinit2.o)
    0x080002be   0x080002be   0x00000000   Code   RO         3841    .ARM.Collect$$libinit$$00000017  c_w.l(libinit2.o)
    0x080002be   0x080002be   0x00000000   Code   RO         3843    .ARM.Collect$$libinit$$00000019  c_w.l(libinit2.o)
    0x080002be   0x080002be   0x00000000   Code   RO         3845    .ARM.Collect$$libinit$$0000001B  c_w.l(libinit2.o)
    0x080002be   0x080002be   0x00000000   Code   RO         3847    .ARM.Collect$$libinit$$0000001D  c_w.l(libinit2.o)
    0x080002be   0x080002be   0x00000000   Code   RO         3849    .ARM.Collect$$libinit$$0000001F  c_w.l(libinit2.o)
    0x080002be   0x080002be   0x00000000   Code   RO         3851    .ARM.Collect$$libinit$$00000021  c_w.l(libinit2.o)
    0x080002be   0x080002be   0x00000000   Code   RO         3853    .ARM.Collect$$libinit$$00000023  c_w.l(libinit2.o)
    0x080002be   0x080002be   0x00000000   Code   RO         3855    .ARM.Collect$$libinit$$00000025  c_w.l(libinit2.o)
    0x080002be   0x080002be   0x00000000   Code   RO         3859    .ARM.Collect$$libinit$$0000002C  c_w.l(libinit2.o)
    0x080002be   0x080002be   0x00000000   Code   RO         3861    .ARM.Collect$$libinit$$0000002E  c_w.l(libinit2.o)
    0x080002be   0x080002be   0x00000000   Code   RO         3863    .ARM.Collect$$libinit$$00000030  c_w.l(libinit2.o)
    0x080002be   0x080002be   0x00000000   Code   RO         3865    .ARM.Collect$$libinit$$00000032  c_w.l(libinit2.o)
    0x080002be   0x080002be   0x00000002   Code   RO         3866    .ARM.Collect$$libinit$$00000033  c_w.l(libinit2.o)
    0x080002c0   0x080002c0   0x00000002   Code   RO         3897    .ARM.Collect$$libshutdown$$00000000  c_w.l(libshutdown.o)
    0x080002c2   0x080002c2   0x00000000   Code   RO         3923    .ARM.Collect$$libshutdown$$00000002  c_w.l(libshutdown2.o)
    0x080002c2   0x080002c2   0x00000000   Code   RO         3925    .ARM.Collect$$libshutdown$$00000004  c_w.l(libshutdown2.o)
    0x080002c2   0x080002c2   0x00000000   Code   RO         3927    .ARM.Collect$$libshutdown$$00000006  c_w.l(libshutdown2.o)
    0x080002c2   0x080002c2   0x00000000   Code   RO         3930    .ARM.Collect$$libshutdown$$00000009  c_w.l(libshutdown2.o)
    0x080002c2   0x080002c2   0x00000000   Code   RO         3933    .ARM.Collect$$libshutdown$$0000000C  c_w.l(libshutdown2.o)
    0x080002c2   0x080002c2   0x00000000   Code   RO         3935    .ARM.Collect$$libshutdown$$0000000E  c_w.l(libshutdown2.o)
    0x080002c2   0x080002c2   0x00000000   Code   RO         3938    .ARM.Collect$$libshutdown$$00000011  c_w.l(libshutdown2.o)
    0x080002c2   0x080002c2   0x00000002   Code   RO         3939    .ARM.Collect$$libshutdown$$00000012  c_w.l(libshutdown2.o)
    0x080002c4   0x080002c4   0x00000000   Code   RO         3580    .ARM.Collect$$rtentry$$00000000  c_w.l(__rtentry.o)
    0x080002c4   0x080002c4   0x00000000   Code   RO         3712    .ARM.Collect$$rtentry$$00000002  c_w.l(__rtentry2.o)
    0x080002c4   0x080002c4   0x00000006   Code   RO         3724    .ARM.Collect$$rtentry$$00000004  c_w.l(__rtentry4.o)
    0x080002ca   0x080002ca   0x00000000   Code   RO         3714    .ARM.Collect$$rtentry$$00000009  c_w.l(__rtentry2.o)
    0x080002ca   0x080002ca   0x00000004   Code   RO         3715    .ARM.Collect$$rtentry$$0000000A  c_w.l(__rtentry2.o)
    0x080002ce   0x080002ce   0x00000000   Code   RO         3717    .ARM.Collect$$rtentry$$0000000C  c_w.l(__rtentry2.o)
    0x080002ce   0x080002ce   0x00000008   Code   RO         3718    .ARM.Collect$$rtentry$$0000000D  c_w.l(__rtentry2.o)
    0x080002d6   0x080002d6   0x00000002   Code   RO         3809    .ARM.Collect$$rtexit$$00000000  c_w.l(rtexit.o)
    0x080002d8   0x080002d8   0x00000000   Code   RO         3870    .ARM.Collect$$rtexit$$00000002  c_w.l(rtexit2.o)
    0x080002d8   0x080002d8   0x00000004   Code   RO         3871    .ARM.Collect$$rtexit$$00000003  c_w.l(rtexit2.o)
    0x080002dc   0x080002dc   0x00000006   Code   RO         3872    .ARM.Collect$$rtexit$$00000004  c_w.l(rtexit2.o)
    0x080002e2   0x080002e2   0x00000002   PAD
    0x080002e4   0x080002e4   0x00000040   Code   RO            4    .text               startup_stm32f411xe.o
    0x08000324   0x08000324   0x000000ee   Code   RO         3534    .text               c_w.l(lludivv7m.o)
    0x08000412   0x08000412   0x00000002   PAD
    0x08000414   0x08000414   0x0000002c   Code   RO         3536    .text               c_w.l(sprintf.o)
    0x08000440   0x08000440   0x0000003e   Code   RO         3538    .text               c_w.l(strlen.o)
    0x0800047e   0x0800047e   0x00000064   Code   RO         3540    .text               c_w.l(rt_memcpy_w.o)
    0x080004e2   0x080004e2   0x0000004e   Code   RO         3542    .text               c_w.l(rt_memclr_w.o)
    0x08000530   0x08000530   0x00000006   Code   RO         3544    .text               c_w.l(heapauxi.o)
    0x08000536   0x08000536   0x00000016   Code   RO         3585    .text               c_w.l(_rserrno.o)
    0x0800054c   0x0800054c   0x0000004e   Code   RO         3589    .text               c_w.l(_printf_pad.o)
    0x0800059a   0x0800059a   0x00000024   Code   RO         3591    .text               c_w.l(_printf_truncate.o)
    0x080005be   0x080005be   0x00000052   Code   RO         3593    .text               c_w.l(_printf_str.o)
    0x08000610   0x08000610   0x00000078   Code   RO         3595    .text               c_w.l(_printf_dec.o)
    0x08000688   0x08000688   0x00000028   Code   RO         3597    .text               c_w.l(_printf_charcount.o)
    0x080006b0   0x080006b0   0x00000030   Code   RO         3599    .text               c_w.l(_printf_char_common.o)
    0x080006e0   0x080006e0   0x0000000a   Code   RO         3601    .text               c_w.l(_sputc.o)
    0x080006ea   0x080006ea   0x00000002   PAD
    0x080006ec   0x080006ec   0x000000bc   Code   RO         3603    .text               c_w.l(_printf_wctomb.o)
    0x080007a8   0x080007a8   0x0000007c   Code   RO         3606    .text               c_w.l(_printf_longlong_dec.o)
    0x08000824   0x08000824   0x00000070   Code   RO         3612    .text               c_w.l(_printf_oct_int_ll.o)
    0x08000894   0x08000894   0x00000094   Code   RO         3632    .text               c_w.l(_printf_hex_int_ll_ptr.o)
    0x08000928   0x08000928   0x00000188   Code   RO         3652    .text               c_w.l(__printf_flags_ss_wp.o)
    0x08000ab0   0x08000ab0   0x00000008   Code   RO         3731    .text               c_w.l(rt_errno_addr_intlibspace.o)
    0x08000ab8   0x08000ab8   0x0000008a   Code   RO         3733    .text               c_w.l(lludiv10.o)
    0x08000b42   0x08000b42   0x000000b2   Code   RO         3735    .text               c_w.l(_printf_intcommon.o)
    0x08000bf4   0x08000bf4   0x0000041e   Code   RO         3737    .text               c_w.l(_printf_fp_dec.o)
    0x08001012   0x08001012   0x00000002   PAD
    0x08001014   0x08001014   0x000002fc   Code   RO         3739    .text               c_w.l(_printf_fp_hex.o)
    0x08001310   0x08001310   0x0000002c   Code   RO         3744    .text               c_w.l(_printf_char.o)
    0x0800133c   0x0800133c   0x0000002c   Code   RO         3746    .text               c_w.l(_printf_wchar.o)
    0x08001368   0x08001368   0x00000040   Code   RO         3749    .text               c_w.l(_wcrtomb.o)
    0x080013a8   0x080013a8   0x00000008   Code   RO         3751    .text               c_w.l(libspace.o)
    0x080013b0   0x080013b0   0x0000004a   Code   RO         3754    .text               c_w.l(sys_stackheap_outer.o)
    0x080013fa   0x080013fa   0x00000002   PAD
    0x080013fc   0x080013fc   0x00000010   Code   RO         3756    .text               c_w.l(rt_ctype_table.o)
    0x0800140c   0x0800140c   0x00000008   Code   RO         3761    .text               c_w.l(rt_locale_intlibspace.o)
    0x08001414   0x08001414   0x00000080   Code   RO         3763    .text               c_w.l(_printf_fp_infnan.o)
    0x08001494   0x08001494   0x000000e4   Code   RO         3765    .text               c_w.l(bigflt0.o)
    0x08001578   0x08001578   0x00000012   Code   RO         3793    .text               c_w.l(exit.o)
    0x0800158a   0x0800158a   0x00000002   PAD
    0x0800158c   0x0800158c   0x00000080   Code   RO         3820    .text               c_w.l(strcmpv7m.o)
    0x0800160c   0x0800160c   0x0000000c   Code   RO         3867    .text               c_w.l(sys_exit.o)
    0x08001618   0x08001618   0x00000002   Code   RO         3886    .text               c_w.l(use_no_semi.o)
    0x0800161a   0x0800161a   0x00000000   Code   RO         3888    .text               c_w.l(indicate_semi.o)
    0x0800161a   0x0800161a   0x0000003e   Code   RO         3768    CL$$btod_d2e        c_w.l(btod.o)
    0x08001658   0x08001658   0x00000046   Code   RO         3770    CL$$btod_d2e_denorm_low  c_w.l(btod.o)
    0x0800169e   0x0800169e   0x00000060   Code   RO         3769    CL$$btod_d2e_norm_op1  c_w.l(btod.o)
    0x080016fe   0x080016fe   0x00000338   Code   RO         3778    CL$$btod_div_common  c_w.l(btod.o)
    0x08001a36   0x08001a36   0x000000dc   Code   RO         3775    CL$$btod_e2e        c_w.l(btod.o)
    0x08001b12   0x08001b12   0x0000002a   Code   RO         3772    CL$$btod_ediv       c_w.l(btod.o)
    0x08001b3c   0x08001b3c   0x0000002a   Code   RO         3771    CL$$btod_emul       c_w.l(btod.o)
    0x08001b66   0x08001b66   0x00000244   Code   RO         3777    CL$$btod_mult_common  c_w.l(btod.o)
    0x08001daa   0x08001daa   0x0000006e   Code   RO          574    i.ADC_DMAConvCplt   stm32f4xx_hal_adc.o
    0x08001e18   0x08001e18   0x00000016   Code   RO          575    i.ADC_DMAError      stm32f4xx_hal_adc.o
    0x08001e2e   0x08001e2e   0x0000000a   Code   RO          576    i.ADC_DMAHalfConvCplt  stm32f4xx_hal_adc.o
    0x08001e38   0x08001e38   0x0000000c   Code   RO          419    i.ADC_IRQHandler    stm32f4xx_it.o
    0x08001e44   0x08001e44   0x00000128   Code   RO          577    i.ADC_Init          stm32f4xx_hal_adc.o
    0x08001f6c   0x08001f6c   0x00000002   Code   RO          420    i.BusFault_Handler  stm32f4xx_it.o
    0x08001f6e   0x08001f6e   0x00000002   PAD
    0x08001f70   0x08001f70   0x0000000c   Code   RO          421    i.DMA2_Stream0_IRQHandler  stm32f4xx_it.o
    0x08001f7c   0x08001f7c   0x00000028   Code   RO         1365    i.DMA_CalcBaseAndBitshift  stm32f4xx_hal_dma.o
    0x08001fa4   0x08001fa4   0x00000054   Code   RO         1366    i.DMA_CheckFifoParam  stm32f4xx_hal_dma.o
    0x08001ff8   0x08001ff8   0x00000028   Code   RO         1367    i.DMA_SetConfig     stm32f4xx_hal_dma.o
    0x08002020   0x08002020   0x00000002   Code   RO          422    i.DebugMon_Handler  stm32f4xx_it.o
    0x08002022   0x08002022   0x00000004   Code   RO          343    i.Error_Handler     main.o
    0x08002026   0x08002026   0x00000002   Code   RO          748    i.HAL_ADCEx_InjectedConvCpltCallback  stm32f4xx_hal_adc_ex.o
    0x08002028   0x08002028   0x00000164   Code   RO          579    i.HAL_ADC_ConfigChannel  stm32f4xx_hal_adc.o
    0x0800218c   0x0800218c   0x00000002   Code   RO          580    i.HAL_ADC_ConvCpltCallback  stm32f4xx_hal_adc.o
    0x0800218e   0x0800218e   0x00000002   Code   RO          581    i.HAL_ADC_ConvHalfCpltCallback  stm32f4xx_hal_adc.o
    0x08002190   0x08002190   0x00000002   Code   RO          583    i.HAL_ADC_ErrorCallback  stm32f4xx_hal_adc.o
    0x08002192   0x08002192   0x0000012e   Code   RO          587    i.HAL_ADC_IRQHandler  stm32f4xx_hal_adc.o
    0x080022c0   0x080022c0   0x00000054   Code   RO          588    i.HAL_ADC_Init      stm32f4xx_hal_adc.o
    0x08002314   0x08002314   0x00000002   Code   RO          589    i.HAL_ADC_LevelOutOfWindowCallback  stm32f4xx_hal_adc.o
    0x08002316   0x08002316   0x00000002   PAD
    0x08002318   0x08002318   0x000000a8   Code   RO          508    i.HAL_ADC_MspInit   stm32f4xx_hal_msp.o
    0x080023c0   0x080023c0   0x00000124   Code   RO          595    i.HAL_ADC_Start_DMA  stm32f4xx_hal_adc.o
    0x080024e4   0x080024e4   0x000001a0   Code   RO         1373    i.HAL_DMA_IRQHandler  stm32f4xx_hal_dma.o
    0x08002684   0x08002684   0x000000d4   Code   RO         1374    i.HAL_DMA_Init      stm32f4xx_hal_dma.o
    0x08002758   0x08002758   0x0000006e   Code   RO         1378    i.HAL_DMA_Start_IT  stm32f4xx_hal_dma.o
    0x080027c6   0x080027c6   0x00000002   PAD
    0x080027c8   0x080027c8   0x00000024   Code   RO         1811    i.HAL_Delay         stm32f4xx_hal.o
    0x080027ec   0x080027ec   0x000001e0   Code   RO         1261    i.HAL_GPIO_Init     stm32f4xx_hal_gpio.o
    0x080029cc   0x080029cc   0x0000000c   Code   RO         1817    i.HAL_GetTick       stm32f4xx_hal.o
    0x080029d8   0x080029d8   0x00000188   Code   RO         2073    i.HAL_I2C_Init      stm32f4xx_hal_i2c.o
    0x08002b60   0x08002b60   0x0000016c   Code   RO         2074    i.HAL_I2C_IsDeviceReady  stm32f4xx_hal_i2c.o
    0x08002ccc   0x08002ccc   0x000001e0   Code   RO         2079    i.HAL_I2C_Master_Receive  stm32f4xx_hal_i2c.o
    0x08002eac   0x08002eac   0x0000012c   Code   RO         2086    i.HAL_I2C_Master_Transmit  stm32f4xx_hal_i2c.o
    0x08002fd8   0x08002fd8   0x000000bc   Code   RO          510    i.HAL_I2C_MspInit   stm32f4xx_hal_msp.o
    0x08003094   0x08003094   0x00000010   Code   RO         1823    i.HAL_IncTick       stm32f4xx_hal.o
    0x080030a4   0x080030a4   0x00000034   Code   RO         1824    i.HAL_Init          stm32f4xx_hal.o
    0x080030d8   0x080030d8   0x00000040   Code   RO         1825    i.HAL_InitTick      stm32f4xx_hal.o
    0x08003118   0x08003118   0x00000030   Code   RO          511    i.HAL_MspInit       stm32f4xx_hal_msp.o
    0x08003148   0x08003148   0x0000001a   Code   RO         1674    i.HAL_NVIC_EnableIRQ  stm32f4xx_hal_cortex.o
    0x08003162   0x08003162   0x00000002   PAD
    0x08003164   0x08003164   0x00000040   Code   RO         1680    i.HAL_NVIC_SetPriority  stm32f4xx_hal_cortex.o
    0x080031a4   0x080031a4   0x00000024   Code   RO         1681    i.HAL_NVIC_SetPriorityGrouping  stm32f4xx_hal_cortex.o
    0x080031c8   0x080031c8   0x00000134   Code   RO          853    i.HAL_RCC_ClockConfig  stm32f4xx_hal_rcc.o
    0x080032fc   0x080032fc   0x00000020   Code   RO          860    i.HAL_RCC_GetPCLK1Freq  stm32f4xx_hal_rcc.o
    0x0800331c   0x0800331c   0x00000064   Code   RO          862    i.HAL_RCC_GetSysClockFreq  stm32f4xx_hal_rcc.o
    0x08003380   0x08003380   0x0000036c   Code   RO          865    i.HAL_RCC_OscConfig  stm32f4xx_hal_rcc.o
    0x080036ec   0x080036ec   0x00000028   Code   RO         1685    i.HAL_SYSTICK_Config  stm32f4xx_hal_cortex.o
    0x08003714   0x08003714   0x00000054   Code   RO         3233    i.HAL_TIMEx_ConfigBreakDeadTime  stm32f4xx_hal_tim_ex.o
    0x08003768   0x08003768   0x0000007c   Code   RO         3249    i.HAL_TIMEx_MasterConfigSynchronization  stm32f4xx_hal_tim_ex.o
    0x080037e4   0x080037e4   0x0000005a   Code   RO         2526    i.HAL_TIM_Base_Init  stm32f4xx_hal_tim.o
    0x0800383e   0x0800383e   0x00000002   PAD
    0x08003840   0x08003840   0x00000028   Code   RO          513    i.HAL_TIM_Base_MspInit  stm32f4xx_hal_msp.o
    0x08003868   0x08003868   0x000000dc   Code   RO         2535    i.HAL_TIM_ConfigClockSource  stm32f4xx_hal_tim.o
    0x08003944   0x08003944   0x00000054   Code   RO          514    i.HAL_TIM_MspPostInit  stm32f4xx_hal_msp.o
    0x08003998   0x08003998   0x000000cc   Code   RO         2598    i.HAL_TIM_PWM_ConfigChannel  stm32f4xx_hal_tim.o
    0x08003a64   0x08003a64   0x0000005a   Code   RO         2601    i.HAL_TIM_PWM_Init  stm32f4xx_hal_tim.o
    0x08003abe   0x08003abe   0x00000002   Code   RO         2603    i.HAL_TIM_PWM_MspInit  stm32f4xx_hal_tim.o
    0x08003ac0   0x08003ac0   0x000000b0   Code   RO         2606    i.HAL_TIM_PWM_Start  stm32f4xx_hal_tim.o
    0x08003b70   0x08003b70   0x00000002   Code   RO          423    i.HardFault_Handler  stm32f4xx_it.o
    0x08003b72   0x08003b72   0x0000002e   Code   RO         2115    i.I2C_IsAcknowledgeFailed  stm32f4xx_hal_i2c.o
    0x08003ba0   0x08003ba0   0x000000ec   Code   RO         2118    i.I2C_MasterRequestRead  stm32f4xx_hal_i2c.o
    0x08003c8c   0x08003c8c   0x0000009c   Code   RO         2119    i.I2C_MasterRequestWrite  stm32f4xx_hal_i2c.o
    0x08003d28   0x08003d28   0x0000004c   Code   RO         2130    i.I2C_WaitOnBTFFlagUntilTimeout  stm32f4xx_hal_i2c.o
    0x08003d74   0x08003d74   0x00000068   Code   RO         2131    i.I2C_WaitOnFlagUntilTimeout  stm32f4xx_hal_i2c.o
    0x08003ddc   0x08003ddc   0x00000096   Code   RO         2132    i.I2C_WaitOnMasterAddressFlagUntilTimeout  stm32f4xx_hal_i2c.o
    0x08003e72   0x08003e72   0x00000066   Code   RO         2133    i.I2C_WaitOnRXNEFlagUntilTimeout  stm32f4xx_hal_i2c.o
    0x08003ed8   0x08003ed8   0x0000004c   Code   RO         2134    i.I2C_WaitOnTXEFlagUntilTimeout  stm32f4xx_hal_i2c.o
    0x08003f24   0x08003f24   0x00000018   Code   RO           13    i.LCD_BackLight     lcd_i2cmodule.o
    0x08003f3c   0x08003f3c   0x00000046   Code   RO           15    i.LCD_Init          lcd_i2cmodule.o
    0x08003f82   0x08003f82   0x0000002a   Code   RO           16    i.LCD_Print         lcd_i2cmodule.o
    0x08003fac   0x08003fac   0x000000d0   Code   RO           17    i.LCD_Send_String   lcd_i2cmodule.o
    0x0800407c   0x0800407c   0x00000030   Code   RO           18    i.LCD_SetCursor     lcd_i2cmodule.o
    0x080040ac   0x080040ac   0x0000004c   Code   RO           19    i.LCD_Set_Command   lcd_i2cmodule.o
    0x080040f8   0x080040f8   0x00000054   Code   RO           20    i.LCD_Write_Data    lcd_i2cmodule.o
    0x0800414c   0x0800414c   0x0000002c   Code   RO           21    i.LCD_i2cDeviceCheck  lcd_i2cmodule.o
    0x08004178   0x08004178   0x00000018   Code   RO          211    i.MPU6050BufferReset  mpu6050.o
    0x08004190   0x08004190   0x00000040   Code   RO          212    i.MPU6050Check      mpu6050.o
    0x080041d0   0x080041d0   0x00000060   Code   RO          213    i.MPU6050Init       mpu6050.o
    0x08004230   0x08004230   0x00000034   Code   RO          214    i.MPU6050ReadRegister  mpu6050.o
    0x08004264   0x08004264   0x0000003c   Code   RO          215    i.MPU6050Start      mpu6050.o
    0x080042a0   0x080042a0   0x0000002c   Code   RO          216    i.MPU6050UpdateAccel  mpu6050.o
    0x080042cc   0x080042cc   0x0000002c   Code   RO          217    i.MPU6050UpdateGyro  mpu6050.o
    0x080042f8   0x080042f8   0x00000028   Code   RO          219    i.MPU6050WriteRegister  mpu6050.o
    0x08004320   0x08004320   0x000000a4   Code   RO          344    i.MX_ADC1_Init      main.o
    0x080043c4   0x080043c4   0x0000006c   Code   RO          345    i.MX_GPIO_Init      main.o
    0x08004430   0x08004430   0x000000c8   Code   RO          346    i.MX_TIM1_Init      main.o
    0x080044f8   0x080044f8   0x00000002   Code   RO          424    i.MemManage_Handler  stm32f4xx_it.o
    0x080044fa   0x080044fa   0x00000002   Code   RO          425    i.NMI_Handler       stm32f4xx_it.o
    0x080044fc   0x080044fc   0x0000008a   Code   RO          293    i.PID_iterate       pid.o
    0x08004586   0x08004586   0x00000006   Code   RO          296    i.PID_set_Kp        pid.o
    0x0800458c   0x0800458c   0x00000002   Code   RO          426    i.PendSV_Handler    stm32f4xx_it.o
    0x0800458e   0x0800458e   0x00000002   Code   RO          427    i.SVC_Handler       stm32f4xx_it.o
    0x08004590   0x08004590   0x00000004   Code   RO          428    i.SysTick_Handler   stm32f4xx_it.o
    0x08004594   0x08004594   0x00000090   Code   RO          347    i.SystemClock_Config  main.o
    0x08004624   0x08004624   0x00000010   Code   RO         3498    i.SystemInit        system_stm32f4xx.o
    0x08004634   0x08004634   0x00000098   Code   RO         2619    i.TIM_Base_SetConfig  stm32f4xx_hal_tim.o
    0x080046cc   0x080046cc   0x0000001a   Code   RO         2620    i.TIM_CCxChannelCmd  stm32f4xx_hal_tim.o
    0x080046e6   0x080046e6   0x00000014   Code   RO         2630    i.TIM_ETR_SetConfig  stm32f4xx_hal_tim.o
    0x080046fa   0x080046fa   0x00000010   Code   RO         2631    i.TIM_ITRx_SetConfig  stm32f4xx_hal_tim.o
    0x0800470a   0x0800470a   0x00000002   PAD
    0x0800470c   0x0800470c   0x00000050   Code   RO         2632    i.TIM_OC1_SetConfig  stm32f4xx_hal_tim.o
    0x0800475c   0x0800475c   0x00000058   Code   RO         2633    i.TIM_OC2_SetConfig  stm32f4xx_hal_tim.o
    0x080047b4   0x080047b4   0x00000058   Code   RO         2634    i.TIM_OC3_SetConfig  stm32f4xx_hal_tim.o
    0x0800480c   0x0800480c   0x00000044   Code   RO         2635    i.TIM_OC4_SetConfig  stm32f4xx_hal_tim.o
    0x08004850   0x08004850   0x00000022   Code   RO         2637    i.TIM_TI1_ConfigInputStage  stm32f4xx_hal_tim.o
    0x08004872   0x08004872   0x00000024   Code   RO         2639    i.TIM_TI2_ConfigInputStage  stm32f4xx_hal_tim.o
    0x08004896   0x08004896   0x00000002   Code   RO          429    i.UsageFault_Handler  stm32f4xx_it.o
    0x08004898   0x08004898   0x00000030   Code   RO         3807    i.__ARM_fpclassify  m_wm.l(fpclassify.o)
    0x080048c8   0x080048c8   0x00000026   Code   RO         3695    i.__ARM_fpclassifyf  m_wm.l(fpclassifyf.o)
    0x080048ee   0x080048ee   0x00000020   Code   RO         1687    i.__NVIC_SetPriority  stm32f4xx_hal_cortex.o
    0x0800490e   0x0800490e   0x00000002   PAD
    0x08004910   0x08004910   0x000002ac   Code   RO         3568    i.__hardfp_atan2f   m_wm.l(atan2f.o)
    0x08004bbc   0x08004bbc   0x00000006   Code   RO         3699    i.__mathlib_flt_infnan2  m_wm.l(funder.o)
    0x08004bc2   0x08004bc2   0x00000002   PAD
    0x08004bc4   0x08004bc4   0x00000010   Code   RO         3703    i.__mathlib_flt_underflow  m_wm.l(funder.o)
    0x08004bd4   0x08004bd4   0x0000000e   Code   RO         3645    i._is_digit         c_w.l(__printf_wp.o)
    0x08004be2   0x08004be2   0x00000002   PAD
    0x08004be4   0x08004be4   0x00000058   Code   RO           22    i.hi2cx_define      lcd_i2cmodule.o
    0x08004c3c   0x08004c3c   0x0000031c   Code   RO          348    i.main              main.o
    0x08004f58   0x08004f58   0x0000001a   Code   RO          349    i.mapPot            main.o
    0x08004f72   0x08004f72   0x00000002   PAD
    0x08004f74   0x08004f74   0x0000002c   Code   RO         3791    locale$$code        c_w.l(lc_numeric_c.o)
    0x08004fa0   0x08004fa0   0x0000002c   Code   RO         3814    locale$$code        c_w.l(lc_ctype_c.o)
    0x08004fcc   0x08004fcc   0x00000062   Code   RO         3548    x$fpl$d2f           fz_wm.l(d2f.o)
    0x0800502e   0x0800502e   0x00000002   PAD
    0x08005030   0x08005030   0x000002b0   Code   RO         3557    x$fpl$ddiv          fz_wm.l(ddiv.o)
    0x080052e0   0x080052e0   0x00000026   Code   RO         3560    x$fpl$dfltu         fz_wm.l(dflt_clz.o)
    0x08005306   0x08005306   0x0000009c   Code   RO         3678    x$fpl$dnaninf       fz_wm.l(dnaninf.o)
    0x080053a2   0x080053a2   0x0000000c   Code   RO         3680    x$fpl$dretinf       fz_wm.l(dretinf.o)
    0x080053ae   0x080053ae   0x00000002   PAD
    0x080053b0   0x080053b0   0x00000056   Code   RO         3566    x$fpl$f2d           fz_wm.l(f2d.o)
    0x08005406   0x08005406   0x0000008c   Code   RO         3682    x$fpl$fnaninf       fz_wm.l(fnaninf.o)
    0x08005492   0x08005492   0x0000000a   Code   RO         3882    x$fpl$fpinit        fz_wm.l(fpinit.o)
    0x0800549c   0x0800549c   0x0000000a   Code   RO         3684    x$fpl$fretinf       fz_wm.l(fretinf.o)
    0x080054a6   0x080054a6   0x00000004   Code   RO         3686    x$fpl$printf1       fz_wm.l(printf1.o)
    0x080054aa   0x080054aa   0x00000004   Code   RO         3688    x$fpl$printf2       fz_wm.l(printf2.o)
    0x080054ae   0x080054ae   0x00000000   Code   RO         3694    x$fpl$usenofp       fz_wm.l(usenofp.o)
    0x080054ae   0x080054ae   0x00000020   Data   RO           24    .constdata          lcd_i2cmodule.o
    0x080054ce   0x080054ce   0x00000008   Data   RO         1380    .constdata          stm32f4xx_hal_dma.o
    0x080054d6   0x080054d6   0x00000010   Data   RO         3499    .constdata          system_stm32f4xx.o
    0x080054e6   0x080054e6   0x00000008   Data   RO         3500    .constdata          system_stm32f4xx.o
    0x080054ee   0x080054ee   0x00000002   PAD
    0x080054f0   0x080054f0   0x00000008   Data   RO         3604    .constdata          c_w.l(_printf_wctomb.o)
    0x080054f8   0x080054f8   0x00000028   Data   RO         3633    .constdata          c_w.l(_printf_hex_int_ll_ptr.o)
    0x08005520   0x08005520   0x00000011   Data   RO         3653    .constdata          c_w.l(__printf_flags_ss_wp.o)
    0x08005531   0x08005531   0x00000026   Data   RO         3740    .constdata          c_w.l(_printf_fp_hex.o)
    0x08005557   0x08005557   0x00000001   PAD
    0x08005558   0x08005558   0x00000094   Data   RO         3766    .constdata          c_w.l(bigflt0.o)
    0x080055ec   0x080055ec   0x00000020   Data   RO         3940    Region$$Table       anon$$obj.o
    0x0800560c   0x0800560c   0x0000001c   Data   RO         3790    locale$$data        c_w.l(lc_numeric_c.o)
    0x08005628   0x08005628   0x00000110   Data   RO         3813    locale$$data        c_w.l(lc_ctype_c.o)


    Execution Region RW_IRAM1 (Exec base: 0x20000000, Load base: 0x08005738, Size: 0x00006498, Max: 0x00020000, ABSOLUTE)

    Exec Addr    Load Addr    Size         Type   Attr      Idx    E Section Name        Object

    0x20000000   0x08005738   0x00000014   Data   RW           25    .data               lcd_i2cmodule.o
    0x20000014   0x0800574c   0x00000008   Data   RW          220    .data               mpu6050.o
    0x2000001c   0x08005754   0x00000034   Data   RW          353    .data               main.o
    0x20000050   0x08005788   0x0000000c   Data   RW         1831    .data               stm32f4xx_hal.o
    0x2000005c   0x08005794   0x00000004   Data   RW         3501    .data               system_stm32f4xx.o
    0x20000060        -       0x000001e4   Zero   RW           23    .bss                lcd_i2cmodule.o
    0x20000244        -       0x00000194   Zero   RW          350    .bss                main.o
    0x200003d8        -       0x00000060   Zero   RW          351    .bss                main.o
    0x20000438        -       0x00000060   Zero   RW         3752    .bss                c_w.l(libspace.o)
    0x20000498        -       0x00002000   Zero   RW            2    HEAP                startup_stm32f411xe.o
    0x20002498        -       0x00004000   Zero   RW            1    STACK               startup_stm32f411xe.o


==============================================================================

Image component sizes


      Code (inc. data)   RO Data    RW Data    ZI Data      Debug   Object Name

       684         56         32         20        484     445155   lcd_i2cmodule.o
      1442        148          0         52        500       6606   main.o
       424         40          0          8          0       5852   mpu6050.o
       144          0          0          0          0       1875   pid.o
        64         26        408          0      24576        844   startup_stm32f411xe.o
       180         28          0         12          0       9261   stm32f4xx_hal.o
      1480         64          0          0          0       8937   stm32f4xx_hal_adc.o
         2          0          0          0          0        981   stm32f4xx_hal_adc_ex.o
       198         14          0          0          0      33935   stm32f4xx_hal_cortex.o
       902         16          8          0          0       5795   stm32f4xx_hal_dma.o
       480         34          0          0          0       1508   stm32f4xx_hal_gpio.o
      2482         60          0          0          0      14014   stm32f4xx_hal_i2c.o
       528         66          0          0          0       3811   stm32f4xx_hal_msp.o
      1316         64          0          0          0       4637   stm32f4xx_hal_rcc.o
      1390         70          0          0          0      12796   stm32f4xx_hal_tim.o
       208         20          0          0          0       2160   stm32f4xx_hal_tim_ex.o
        44         12          0          0          0       5093   stm32f4xx_it.o
        16          4         24          4          0       1127   system_stm32f4xx.o

    ----------------------------------------------------------------------
     12000        722        506         96      25560     564387   Object Totals
         0          0         32          0          0          0   (incl. Generated)
        16          0          2          0          0          0   (incl. Padding)

    ----------------------------------------------------------------------

      Code (inc. data)   RO Data    RW Data    ZI Data      Debug   Library Member Name

         8          0          0          0          0         68   __main.o
       392          4         17          0          0         92   __printf_flags_ss_wp.o
        14          0          0          0          0         68   __printf_wp.o
         0          0          0          0          0          0   __rtentry.o
        12          0          0          0          0          0   __rtentry2.o
         6          0          0          0          0          0   __rtentry4.o
        52          8          0          0          0          0   __scatter.o
        26          0          0          0          0          0   __scatter_copy.o
        28          0          0          0          0          0   __scatter_zi.o
         6          0          0          0          0          0   _printf_a.o
         6          0          0          0          0          0   _printf_c.o
        44          0          0          0          0        108   _printf_char.o
        48          6          0          0          0         96   _printf_char_common.o
        40          0          0          0          0         68   _printf_charcount.o
         6          0          0          0          0          0   _printf_d.o
       120         16          0          0          0         92   _printf_dec.o
         6          0          0          0          0          0   _printf_e.o
         6          0          0          0          0          0   _printf_f.o
      1054          0          0          0          0        216   _printf_fp_dec.o
       764          8         38          0          0        100   _printf_fp_hex.o
       128         16          0          0          0         84   _printf_fp_infnan.o
         6          0          0          0          0          0   _printf_g.o
       148          4         40          0          0        160   _printf_hex_int_ll_ptr.o
         6          0          0          0          0          0   _printf_i.o
       178          0          0          0          0         88   _printf_intcommon.o
        10          0          0          0          0          0   _printf_l.o
         6          0          0          0          0          0   _printf_lc.o
        10          0          0          0          0          0   _printf_ll.o
         6          0          0          0          0          0   _printf_lld.o
         6          0          0          0          0          0   _printf_lli.o
         6          0          0          0          0          0   _printf_llo.o
         6          0          0          0          0          0   _printf_llu.o
         6          0          0          0          0          0   _printf_llx.o
       124         16          0          0          0         92   _printf_longlong_dec.o
         6          0          0          0          0          0   _printf_ls.o
         6          0          0          0          0          0   _printf_n.o
         6          0          0          0          0          0   _printf_o.o
       112         10          0          0          0        124   _printf_oct_int_ll.o
         6          0          0          0          0          0   _printf_p.o
        78          0          0          0          0        108   _printf_pad.o
         0          0          0          0          0          0   _printf_percent.o
         4          0          0          0          0          0   _printf_percent_end.o
         6          0          0          0          0          0   _printf_s.o
        82          0          0          0          0         80   _printf_str.o
        36          0          0          0          0         84   _printf_truncate.o
         6          0          0          0          0          0   _printf_u.o
        44          0          0          0          0        108   _printf_wchar.o
       188          6          8          0          0         92   _printf_wctomb.o
         6          0          0          0          0          0   _printf_x.o
        22          0          0          0          0        100   _rserrno.o
        10          0          0          0          0         68   _sputc.o
        64          0          0          0          0         92   _wcrtomb.o
       228          4        148          0          0         96   bigflt0.o
      1936        128          0          0          0        672   btod.o
        18          0          0          0          0         80   exit.o
         6          0          0          0          0        152   heapauxi.o
         0          0          0          0          0          0   indicate_semi.o
        44         10        272          0          0         76   lc_ctype_c.o
        44         10         28          0          0         76   lc_numeric_c.o
         2          0          0          0          0          0   libinit.o
        34          0          0          0          0          0   libinit2.o
         2          0          0          0          0          0   libshutdown.o
         2          0          0          0          0          0   libshutdown2.o
         8          4          0          0         96         68   libspace.o
       138          0          0          0          0         80   lludiv10.o
       238          0          0          0          0        100   lludivv7m.o
        16          4          0          0          0         76   rt_ctype_table.o
         8          4          0          0          0         68   rt_errno_addr_intlibspace.o
         8          4          0          0          0         68   rt_locale_intlibspace.o
        78          0          0          0          0         80   rt_memclr_w.o
       100          0          0          0          0         80   rt_memcpy_w.o
         2          0          0          0          0          0   rtexit.o
        10          0          0          0          0          0   rtexit2.o
        44          6          0          0          0         84   sprintf.o
       128          0          0          0          0         68   strcmpv7m.o
        62          0          0          0          0         76   strlen.o
        12          4          0          0          0         68   sys_exit.o
        74          0          0          0          0         80   sys_stackheap_outer.o
         2          0          0          0          0         68   use_no_semi.o
        98          4          0          0          0        140   d2f.o
       688        140          0          0          0        256   ddiv.o
        38          0          0          0          0        116   dflt_clz.o
       156          4          0          0          0        140   dnaninf.o
        12          0          0          0          0        116   dretinf.o
        86          4          0          0          0        132   f2d.o
       140          4          0          0          0        132   fnaninf.o
        10          0          0          0          0        116   fpinit.o
        10          0          0          0          0        116   fretinf.o
         4          0          0          0          0        116   printf1.o
         4          0          0          0          0        116   printf2.o
         0          0          0          0          0          0   usenofp.o
       684         90          0          0          0        208   atan2f.o
        48          0          0          0          0        124   fpclassify.o
        38          0          0          0          0        116   fpclassifyf.o
        22          6          0          0          0        232   funder.o

    ----------------------------------------------------------------------
      9270        524        552          0         96       6580   Library Totals
        22          0          1          0          0          0   (incl. Padding)

    ----------------------------------------------------------------------

      Code (inc. data)   RO Data    RW Data    ZI Data      Debug   Library Name

      7210        272        551          0         96       4404   c_w.l
      1246        156          0          0          0       1496   fz_wm.l
       792         96          0          0          0        680   m_wm.l

    ----------------------------------------------------------------------
      9270        524        552          0         96       6580   Library Totals

    ----------------------------------------------------------------------

==============================================================================


      Code (inc. data)   RO Data    RW Data    ZI Data      Debug   

     21270       1246       1058         96      25656     557375   Grand Totals
     21270       1246       1058         96      25656     557375   ELF Image Totals
     21270       1246       1058         96          0          0   ROM Totals

==============================================================================

    Total RO  Size (Code + RO Data)                22328 (  21.80kB)
    Total RW  Size (RW Data + ZI Data)             25752 (  25.15kB)
    Total ROM Size (Code + RO Data + RW Data)      22424 (  21.90kB)

==============================================================================

